Waf: Entering directory `/home/runner/work/astro-fanet-artifact/astro-fanet-artifact/ns-allinone-3.29/ns-3.29/build'
Waf: Leaving directory `/home/runner/work/astro-fanet-artifact/astro-fanet-artifact/ns-allinone-3.29/ns-3.29/build'
Build commands will be stored in build/compile_commands.json
'build' finished successfully (1.962s)

======================================
ASTRO-FANET Simulation Results
======================================
Protocol:           astro
UAVs:               20
Mobility:           gm3d
Seed:               3003
Duration:           30 s
--------------------------------------
PDR (%):            94.1681
PDR source:         app
Generated (app):    583
Delivered (app):    549
Delivered (FM):     0
Lost (FM):          0
Avg Delay (ms):     0.947177
Throughput (kbit/s):46.9845
Avg AoI (ms):       932.068
Ctrl Overhead (%):  75.021
Energy/bit (uJ):    355.845
BRR:                19954
Broadcasts:         19954
Suppressed:         663
Data receptions:    159535
Duplicate rx:       148994
Redundancy RR (%):  93.3927
Saved rebcast SP(%):0.23
Path length BL:     0.121479
Emergency fwd:      933
Emergency supp:     0
Emergency ENSR (%): 100
Byzantine drops:    541
Total energy (J):   501.576
Byz fraction:       0.1
======================================

