Waf: Entering directory `/home/runner/work/astro-fanet-artifact/astro-fanet-artifact/ns-allinone-3.29/ns-3.29/build'
Waf: Leaving directory `/home/runner/work/astro-fanet-artifact/astro-fanet-artifact/ns-allinone-3.29/ns-3.29/build'
Build commands will be stored in build/compile_commands.json
'build' finished successfully (1.958s)

======================================
ASTRO-FANET Simulation Results
======================================
Protocol:           astro
UAVs:               10
Mobility:           gm3d
Seed:               3005
Duration:           30 s
--------------------------------------
PDR (%):            63.4328
PDR source:         app
Generated (app):    268
Delivered (app):    170
Delivered (FM):     142
Lost (FM):          76
Avg Delay (ms):     0.247059
Throughput (kbit/s):13.9947
Avg AoI (ms):       1251.54
Ctrl Overhead (%):  75.863
Energy/bit (uJ):    587.683
BRR:                560
Broadcasts:         560
Suppressed:         334
Data receptions:    16923
Duplicate rx:       16643
Redundancy RR (%):  98.3454
Saved rebcast SP(%):0
Path length BL:     0.839286
Emergency fwd:      280
Emergency supp:     0
Emergency ENSR (%): 100
Total energy (J):   246.733
Byz fraction:       0
======================================

