Waf: Entering directory `/home/runner/work/astro-fanet-artifact/astro-fanet-artifact/ns-allinone-3.29/ns-3.29/build'
Waf: Leaving directory `/home/runner/work/astro-fanet-artifact/astro-fanet-artifact/ns-allinone-3.29/ns-3.29/build'
Build commands will be stored in build/compile_commands.json
'build' finished successfully (1.953s)

======================================
ASTRO-FANET Simulation Results
======================================
Protocol:           astro
UAVs:               20
Mobility:           gm3d
Seed:               3005
Duration:           30 s
--------------------------------------
PDR (%):            93.8406
PDR source:         app
Generated (app):    552
Delivered (app):    518
Delivered (FM):     0
Lost (FM):          0
Avg Delay (ms):     1.2027
Throughput (kbit/s):46.2848
Avg AoI (ms):       1010.29
Ctrl Overhead (%):  75.3907
Energy/bit (uJ):    361.185
BRR:                18940
Broadcasts:         18940
Suppressed:         669
Data receptions:    153744
Duplicate rx:       143760
Redundancy RR (%):  93.5061
Saved rebcast SP(%):0.231774
Path length BL:     0.157973
Emergency fwd:      730
Emergency supp:     0
Emergency ENSR (%): 100
Byzantine drops:    492
Total energy (J):   501.521
Byz fraction:       0.1
======================================

