Waf: Entering directory `/home/runner/work/astro-fanet-artifact/astro-fanet-artifact/ns-allinone-3.29/ns-3.29/build'
Waf: Leaving directory `/home/runner/work/astro-fanet-artifact/astro-fanet-artifact/ns-allinone-3.29/ns-3.29/build'
Build commands will be stored in build/compile_commands.json
'build' finished successfully (2.034s)

======================================
ASTRO-FANET Simulation Results
======================================
Protocol:           sf
UAVs:               20
Mobility:           gm3d
Seed:               3001
Duration:           30 s
--------------------------------------
PDR (%):            93.8053
PDR source:         app
Generated (app):    565
Delivered (app):    530
Delivered (FM):     0
Lost (FM):          0
Avg Delay (ms):     0.769811
Throughput (kbit/s):46.2848
Avg AoI (ms):       983.733
Ctrl Overhead (%):  75.1309
Energy/bit (uJ):    361.006
BRR:                19488
Broadcasts:         19488
Suppressed:         652
Data receptions:    151438
Duplicate rx:       141158
Redundancy RR (%):  93.2117
Saved rebcast SP(%):0
Path length BL:     0.150862
Emergency fwd:      805
Emergency supp:     0
Emergency ENSR (%): 100
Byzantine drops:    536
Total energy (J):   501.273
Byz fraction:       0.1
======================================

