Waf: Entering directory `/home/runner/work/astro-fanet-artifact/astro-fanet-artifact/ns-allinone-3.29/ns-3.29/build'
Waf: Leaving directory `/home/runner/work/astro-fanet-artifact/astro-fanet-artifact/ns-allinone-3.29/ns-3.29/build'
Build commands will be stored in build/compile_commands.json
'build' finished successfully (2.510s)

======================================
ASTRO-FANET Simulation Results
======================================
Protocol:           pr
UAVs:               20
Mobility:           rpgm
Seed:               3002
Duration:           30 s
--------------------------------------
PDR (%):            95.7841
PDR source:         app
Generated (app):    593
Delivered (app):    568
Delivered (FM):     0
Lost (FM):          0
Avg Delay (ms):     0.508803
Throughput (kbit/s):50.3125
Avg AoI (ms):       905.046
Ctrl Overhead (%):  74.1406
Energy/bit (uJ):    331.996
BRR:                12992
Broadcasts:         12992
Suppressed:         5026
Data receptions:    143995
Duplicate rx:       133112
Redundancy RR (%):  92.4421
Saved rebcast SP(%):40.3106
Path length BL:     0.124692
Emergency fwd:      699
Emergency supp:     503
Emergency ENSR (%): 58.1531
Byzantine drops:    0
Total energy (J):   501.106
Byz fraction:       0
======================================

