Waf: Entering directory `/home/runner/work/astro-fanet-artifact/astro-fanet-artifact/ns-allinone-3.29/ns-3.29/build'
Waf: Leaving directory `/home/runner/work/astro-fanet-artifact/astro-fanet-artifact/ns-allinone-3.29/ns-3.29/build'
Build commands will be stored in build/compile_commands.json
'build' finished successfully (2.554s)

======================================
ASTRO-FANET Simulation Results
======================================
Protocol:           sba
UAVs:               10
Mobility:           rpgm
Seed:               3001
Duration:           30 s
--------------------------------------
PDR (%):            96.4286
PDR source:         app
Generated (app):    280
Delivered (app):    270
Delivered (FM):     0
Lost (FM):          0
Avg Delay (ms):     0.174074
Throughput (kbit/s):22.2891
Avg AoI (ms):       983.7
Ctrl Overhead (%):  76.2345
Energy/bit (uJ):    371.373
BRR:                4858
Broadcasts:         4858
Suppressed:         334
Data receptions:    35173
Duplicate rx:       32743
Redundancy RR (%):  93.0913
Saved rebcast SP(%):0.0411523
Path length BL:     0.114862
Emergency fwd:      349
Emergency supp:     1
Emergency ENSR (%): 99.7143
Byzantine drops:    0
Total energy (J):   248.327
Byz fraction:       0
======================================

