Waf: Entering directory `/home/runner/work/astro-fanet-artifact/astro-fanet-artifact/ns-allinone-3.29/ns-3.29/build'
Waf: Leaving directory `/home/runner/work/astro-fanet-artifact/astro-fanet-artifact/ns-allinone-3.29/ns-3.29/build'
Build commands will be stored in build/compile_commands.json
'build' finished successfully (1.974s)

======================================
ASTRO-FANET Simulation Results
======================================
Protocol:           cb
UAVs:               20
Mobility:           gm3d
Seed:               3002
Duration:           30 s
--------------------------------------
PDR (%):            96.0854
PDR source:         app
Generated (app):    562
Delivered (app):    540
Delivered (FM):     0
Lost (FM):          0
Avg Delay (ms):     0.135185
Throughput (kbit/s):44.5952
Avg AoI (ms):       953.746
Ctrl Overhead (%):  76.1812
Energy/bit (uJ):    372.429
BRR:                4122
Broadcasts:         4122
Suppressed:         8380
Data receptions:    107715
Duplicate rx:       97375
Redundancy RR (%):  90.4006
Saved rebcast SP(%):78.9758
Path length BL:     0.168365
Emergency fwd:      142
Emergency supp:     824
Emergency ENSR (%): 14.6998
Byzantine drops:    537
Total energy (J):   498.257
Byz fraction:       0.1
======================================

