Waf: Entering directory `/home/runner/work/astro-fanet-artifact/astro-fanet-artifact/ns-allinone-3.29/ns-3.29/build'
Waf: Leaving directory `/home/runner/work/astro-fanet-artifact/astro-fanet-artifact/ns-allinone-3.29/ns-3.29/build'
Build commands will be stored in build/compile_commands.json
'build' finished successfully (2.012s)

======================================
ASTRO-FANET Simulation Results
======================================
Protocol:           sba
UAVs:               20
Mobility:           gm3d
Seed:               3003
Duration:           30 s
--------------------------------------
PDR (%):            42.4084
PDR source:         app
Generated (app):    573
Delivered (app):    243
Delivered (FM):     0
Lost (FM):          0
Avg Delay (ms):     0.242798
Throughput (kbit/s):19.8485
Avg AoI (ms):       1556.32
Ctrl Overhead (%):  74.5591
Energy/bit (uJ):    831.065
BRR:                1918
Broadcasts:         1918
Suppressed:         641
Data receptions:    65911
Duplicate rx:       64951
Redundancy RR (%):  98.5435
Saved rebcast SP(%):0.104167
Path length BL:     0.419187
Emergency fwd:      959
Emergency supp:     1
Emergency ENSR (%): 99.8958
Total energy (J):   494.862
Byz fraction:       0
======================================

