Waf: Entering directory `/home/runner/work/astro-fanet-artifact/astro-fanet-artifact/ns-allinone-3.29/ns-3.29/build'
Waf: Leaving directory `/home/runner/work/astro-fanet-artifact/astro-fanet-artifact/ns-allinone-3.29/ns-3.29/build'
Build commands will be stored in build/compile_commands.json
'build' finished successfully (2.037s)

======================================
ASTRO-FANET Simulation Results
======================================
Protocol:           sf
UAVs:               20
Mobility:           rpgm
Seed:               3003
Duration:           30 s
--------------------------------------
PDR (%):            94.6043
PDR source:         app
Generated (app):    556
Delivered (app):    526
Delivered (FM):     0
Lost (FM):          0
Avg Delay (ms):     1.08175
Throughput (kbit/s):44.7488
Avg AoI (ms):       975.196
Ctrl Overhead (%):  76.1081
Energy/bit (uJ):    373.487
BRR:                19164
Broadcasts:         19164
Suppressed:         628
Data receptions:    153952
Duplicate rx:       143868
Redundancy RR (%):  93.4499
Saved rebcast SP(%):0
Path length BL:     0.115529
Emergency fwd:      930
Emergency supp:     0
Emergency ENSR (%): 100
Byzantine drops:    502
Total energy (J):   501.393
Byz fraction:       0.1
======================================

