Waf: Entering directory `/home/runner/work/astro-fanet-artifact/astro-fanet-artifact/ns-allinone-3.29/ns-3.29/build'
Waf: Leaving directory `/home/runner/work/astro-fanet-artifact/astro-fanet-artifact/ns-allinone-3.29/ns-3.29/build'
Build commands will be stored in build/compile_commands.json
'build' finished successfully (2.005s)

======================================
ASTRO-FANET Simulation Results
======================================
Protocol:           sba
UAVs:               20
Mobility:           rpgm
Seed:               3001
Duration:           30 s
--------------------------------------
PDR (%):            93.6283
PDR source:         app
Generated (app):    565
Delivered (app):    529
Delivered (FM):     0
Lost (FM):          0
Avg Delay (ms):     5.79962
Throughput (kbit/s):43.6224
Avg AoI (ms):       994.591
Ctrl Overhead (%):  76.3413
Energy/bit (uJ):    378.926
BRR:                2558
Broadcasts:         2558
Suppressed:         643
Data receptions:    61481
Duplicate rx:       60201
Redundancy RR (%):  97.9181
Saved rebcast SP(%):0.078125
Path length BL:     0.577013
Emergency fwd:      1279
Emergency supp:     1
Emergency ENSR (%): 99.9219
Total energy (J):   495.89
Byz fraction:       0
======================================

