Waf: Entering directory `/home/runner/work/astro-fanet-artifact/astro-fanet-artifact/ns-allinone-3.29/ns-3.29/build'
Waf: Leaving directory `/home/runner/work/astro-fanet-artifact/astro-fanet-artifact/ns-allinone-3.29/ns-3.29/build'
Build commands will be stored in build/compile_commands.json
'build' finished successfully (2.550s)

======================================
ASTRO-FANET Simulation Results
======================================
Protocol:           sf
UAVs:               20
Mobility:           rpgm
Seed:               3002
Duration:           30 s
--------------------------------------
PDR (%):            94.7723
PDR source:         app
Generated (app):    593
Delivered (app):    562
Delivered (FM):     0
Lost (FM):          0
Avg Delay (ms):     0.903915
Throughput (kbit/s):49.5104
Avg AoI (ms):       915.214
Ctrl Overhead (%):  74.1406
Energy/bit (uJ):    338.044
BRR:                21520
Broadcasts:         21520
Suppressed:         639
Data receptions:    162031
Duplicate rx:       151271
Redundancy RR (%):  93.3593
Saved rebcast SP(%):0
Path length BL:     0.148606
Emergency fwd:      1220
Emergency supp:     0
Emergency ENSR (%): 100
Byzantine drops:    0
Total energy (J):   502.1
Byz fraction:       0
======================================

