Waf: Entering directory `/home/runner/work/astro-fanet-artifact/astro-fanet-artifact/ns-allinone-3.29/ns-3.29/build'
Waf: Leaving directory `/home/runner/work/astro-fanet-artifact/astro-fanet-artifact/ns-allinone-3.29/ns-3.29/build'
Build commands will be stored in build/compile_commands.json
'build' finished successfully (2.543s)

======================================
ASTRO-FANET Simulation Results
======================================
Protocol:           sf
UAVs:               20
Mobility:           gm3d
Seed:               3005
Duration:           30 s
--------------------------------------
PDR (%):            94.1509
PDR source:         app
Generated (app):    530
Delivered (app):    499
Delivered (FM):     0
Lost (FM):          0
Avg Delay (ms):     1.03006
Throughput (kbit/s):43.7419
Avg AoI (ms):       1053.58
Ctrl Overhead (%):  76.2612
Energy/bit (uJ):    381.955
BRR:                18888
Broadcasts:         18888
Suppressed:         647
Data receptions:    152777
Duplicate rx:       143333
Redundancy RR (%):  93.8184
Saved rebcast SP(%):0
Path length BL:     0.14136
Emergency fwd:      920
Emergency supp:     0
Emergency ENSR (%): 100
Byzantine drops:    0
Total energy (J):   501.223
Byz fraction:       0
======================================

