Waf: Entering directory `/home/runner/work/astro-fanet-artifact/astro-fanet-artifact/ns-allinone-3.29/ns-3.29/build'
Waf: Leaving directory `/home/runner/work/astro-fanet-artifact/astro-fanet-artifact/ns-allinone-3.29/ns-3.29/build'
Build commands will be stored in build/compile_commands.json
'build' finished successfully (2.022s)

======================================
ASTRO-FANET Simulation Results
======================================
Protocol:           cb
UAVs:               20
Mobility:           gm3d
Seed:               3004
Duration:           30 s
--------------------------------------
PDR (%):            44.5407
PDR source:         app
Generated (app):    577
Delivered (app):    257
Delivered (FM):     0
Lost (FM):          0
Avg Delay (ms):     0.338521
Throughput (kbit/s):18.8587
Avg AoI (ms):       1420.21
Ctrl Overhead (%):  75.8301
Energy/bit (uJ):    874.725
BRR:                320
Broadcasts:         320
Suppressed:         1539
Data receptions:    64419
Duplicate rx:       63359
Redundancy RR (%):  98.3545
Saved rebcast SP(%):84.9057
Path length BL:     0.525
Emergency fwd:      160
Emergency supp:     900
Emergency ENSR (%): 15.0943
Total energy (J):   494.884
Byz fraction:       0
======================================

