Waf: Entering directory `/home/runner/work/astro-fanet-artifact/astro-fanet-artifact/ns-allinone-3.29/ns-3.29/build'
Waf: Leaving directory `/home/runner/work/astro-fanet-artifact/astro-fanet-artifact/ns-allinone-3.29/ns-3.29/build'
Build commands will be stored in build/compile_commands.json
'build' finished successfully (2.529s)

======================================
ASTRO-FANET Simulation Results
======================================
Protocol:           cb
UAVs:               20
Mobility:           rpgm
Seed:               3002
Duration:           30 s
--------------------------------------
PDR (%):            96.4587
PDR source:         app
Generated (app):    593
Delivered (app):    572
Delivered (FM):     0
Lost (FM):          0
Avg Delay (ms):     0.173077
Throughput (kbit/s):50.4491
Avg AoI (ms):       902.408
Ctrl Overhead (%):  74.1406
Energy/bit (uJ):    329.478
BRR:                4746
Broadcasts:         4746
Suppressed:         9186
Data receptions:    108879
Duplicate rx:       97959
Redundancy RR (%):  89.9705
Saved rebcast SP(%):78.2692
Path length BL:     0.1437
Emergency fwd:      196
Emergency supp:     1024
Emergency ENSR (%): 16.0656
Byzantine drops:    0
Total energy (J):   498.656
Byz fraction:       0
======================================

