Waf: Entering directory `/home/runner/work/astro-fanet-artifact/astro-fanet-artifact/ns-allinone-3.29/ns-3.29/build'
Waf: Leaving directory `/home/runner/work/astro-fanet-artifact/astro-fanet-artifact/ns-allinone-3.29/ns-3.29/build'
Build commands will be stored in build/compile_commands.json
'build' finished successfully (1.947s)

======================================
ASTRO-FANET Simulation Results
======================================
Protocol:           astro
UAVs:               20
Mobility:           gm3d
Seed:               3004
Duration:           30 s
--------------------------------------
PDR (%):            94.6367
PDR source:         app
Generated (app):    578
Delivered (app):    547
Delivered (FM):     0
Lost (FM):          0
Avg Delay (ms):     0.904936
Throughput (kbit/s):46.0629
Avg AoI (ms):       948.501
Ctrl Overhead (%):  75.3777
Energy/bit (uJ):    362.851
BRR:                18910
Broadcasts:         18910
Suppressed:         654
Data receptions:    157849
Duplicate rx:       147368
Redundancy RR (%):  93.3601
Saved rebcast SP(%):0.158395
Path length BL:     0.15431
Emergency fwd:      915
Emergency supp:     0
Emergency ENSR (%): 100
Byzantine drops:    1011
Total energy (J):   501.419
Byz fraction:       0.2
======================================

