Waf: Entering directory `/home/runner/work/astro-fanet-artifact/astro-fanet-artifact/ns-allinone-3.29/ns-3.29/build'
Waf: Leaving directory `/home/runner/work/astro-fanet-artifact/astro-fanet-artifact/ns-allinone-3.29/ns-3.29/build'
Build commands will be stored in build/compile_commands.json
'build' finished successfully (2.544s)

======================================
ASTRO-FANET Simulation Results
======================================
Protocol:           astro
UAVs:               10
Mobility:           rpgm
Seed:               3004
Duration:           30 s
--------------------------------------
PDR (%):            96
PDR source:         app
Generated (app):    300
Delivered (app):    288
Delivered (FM):     0
Lost (FM):          0
Avg Delay (ms):     0.1875
Throughput (kbit/s):25.5488
Avg AoI (ms):       872.547
Ctrl Overhead (%):  73.5961
Energy/bit (uJ):    323.912
BRR:                5164
Broadcasts:         5164
Suppressed:         372
Data receptions:    34283
Duplicate rx:       31663
Redundancy RR (%):  92.3577
Saved rebcast SP(%):1.45038
Path length BL:     0.135167
Emergency fwd:      280
Emergency supp:     0
Emergency ENSR (%): 100
Byzantine drops:    0
Total energy (J):   248.267
Byz fraction:       0
======================================

