Waf: Entering directory `/home/runner/work/astro-fanet-artifact/astro-fanet-artifact/ns-allinone-3.29/ns-3.29/build'
Waf: Leaving directory `/home/runner/work/astro-fanet-artifact/astro-fanet-artifact/ns-allinone-3.29/ns-3.29/build'
Build commands will be stored in build/compile_commands.json
'build' finished successfully (1.990s)

======================================
ASTRO-FANET Simulation Results
======================================
Protocol:           sba
UAVs:               20
Mobility:           gm3d
Seed:               3004
Duration:           30 s
--------------------------------------
PDR (%):            41.0745
PDR source:         app
Generated (app):    577
Delivered (app):    237
Delivered (FM):     0
Lost (FM):          0
Avg Delay (ms):     0.329114
Throughput (kbit/s):17.0667
Avg AoI (ms):       1515.81
Ctrl Overhead (%):  75.8301
Energy/bit (uJ):    967.034
BRR:                2120
Broadcasts:         2120
Suppressed:         639
Data receptions:    70689
Duplicate rx:       69629
Redundancy RR (%):  98.5005
Saved rebcast SP(%):0
Path length BL:     0.688679
Emergency fwd:      1060
Emergency supp:     0
Emergency ENSR (%): 100
Total energy (J):   495.121
Byz fraction:       0
======================================

