Waf: Entering directory `/home/runner/work/astro-fanet-artifact/astro-fanet-artifact/ns-allinone-3.29/ns-3.29/build'
Waf: Leaving directory `/home/runner/work/astro-fanet-artifact/astro-fanet-artifact/ns-allinone-3.29/ns-3.29/build'
Build commands will be stored in build/compile_commands.json
'build' finished successfully (2.501s)

======================================
ASTRO-FANET Simulation Results
======================================
Protocol:           sba
UAVs:               20
Mobility:           gm3d
Seed:               3001
Duration:           30 s
--------------------------------------
PDR (%):            94.4345
PDR source:         app
Generated (app):    557
Delivered (app):    526
Delivered (FM):     0
Lost (FM):          0
Avg Delay (ms):     0.809886
Throughput (kbit/s):45.9435
Avg AoI (ms):       985.059
Ctrl Overhead (%):  75.3973
Energy/bit (uJ):    365.634
BRR:                20320
Broadcasts:         20320
Suppressed:         652
Data receptions:    175473
Duplicate rx:       165313
Redundancy RR (%):  94.2099
Saved rebcast SP(%):0
Path length BL:     0.156988
Emergency fwd:      900
Emergency supp:     0
Emergency ENSR (%): 100
Byzantine drops:    0
Total energy (J):   503.954
Byz fraction:       0
======================================

