Waf: Entering directory `/home/runner/work/astro-fanet-artifact/astro-fanet-artifact/ns-allinone-3.29/ns-3.29/build'
Waf: Leaving directory `/home/runner/work/astro-fanet-artifact/astro-fanet-artifact/ns-allinone-3.29/ns-3.29/build'
Build commands will be stored in build/compile_commands.json
'build' finished successfully (2.492s)

======================================
ASTRO-FANET Simulation Results
======================================
Protocol:           pr
UAVs:               10
Mobility:           gm3d
Seed:               3005
Duration:           30 s
--------------------------------------
PDR (%):            96.2687
PDR source:         app
Generated (app):    268
Delivered (app):    258
Delivered (FM):     0
Lost (FM):          0
Avg Delay (ms):     0.112403
Throughput (kbit/s):22.8352
Avg AoI (ms):       1000.06
Ctrl Overhead (%):  75.863
Energy/bit (uJ):    361.616
BRR:                2822
Broadcasts:         2822
Suppressed:         1263
Data receptions:    27991
Duplicate rx:       25651
Redundancy RR (%):  91.6402
Saved rebcast SP(%):39.7009
Path length BL:     0.17151
Emergency fwd:      159
Emergency supp:     101
Emergency ENSR (%): 61.1538
Byzantine drops:    0
Total energy (J):   247.728
Byz fraction:       0
======================================

