Waf: Entering directory `/home/runner/work/astro-fanet-artifact/astro-fanet-artifact/ns-allinone-3.29/ns-3.29/build'
Waf: Leaving directory `/home/runner/work/astro-fanet-artifact/astro-fanet-artifact/ns-allinone-3.29/ns-3.29/build'
Build commands will be stored in build/compile_commands.json
'build' finished successfully (2.022s)

======================================
ASTRO-FANET Simulation Results
======================================
Protocol:           sf
UAVs:               20
Mobility:           gm3d
Seed:               3005
Duration:           30 s
--------------------------------------
PDR (%):            94.5355
PDR source:         app
Generated (app):    549
Delivered (app):    519
Delivered (FM):     0
Lost (FM):          0
Avg Delay (ms):     1.03468
Throughput (kbit/s):44.6635
Avg AoI (ms):       1001.54
Ctrl Overhead (%):  76.0682
Energy/bit (uJ):    374.222
BRR:                18992
Broadcasts:         18992
Suppressed:         647
Data receptions:    156289
Duplicate rx:       146309
Redundancy RR (%):  93.6144
Saved rebcast SP(%):0
Path length BL:     0.158382
Emergency fwd:      895
Emergency supp:     0
Emergency ENSR (%): 100
Byzantine drops:    484
Total energy (J):   501.421
Byz fraction:       0.1
======================================

