Waf: Entering directory `/home/runner/work/astro-fanet-artifact/astro-fanet-artifact/ns-allinone-3.29/ns-3.29/build'
Waf: Leaving directory `/home/runner/work/astro-fanet-artifact/astro-fanet-artifact/ns-allinone-3.29/ns-3.29/build'
Build commands will be stored in build/compile_commands.json
'build' finished successfully (1.995s)

======================================
ASTRO-FANET Simulation Results
======================================
Protocol:           pr
UAVs:               20
Mobility:           gm3d
Seed:               3001
Duration:           30 s
--------------------------------------
PDR (%):            95.1424
PDR source:         app
Generated (app):    597
Delivered (app):    568
Delivered (FM):     0
Lost (FM):          0
Avg Delay (ms):     0.452465
Throughput (kbit/s):50.4149
Avg AoI (ms):       918.703
Ctrl Overhead (%):  73.7206
Energy/bit (uJ):    330.833
BRR:                11794
Broadcasts:         11794
Suppressed:         4697
Data receptions:    134628
Duplicate rx:       123605
Redundancy RR (%):  91.8123
Saved rebcast SP(%):40.686
Path length BL:     0.137358
Emergency fwd:      608
Emergency supp:     435
Emergency ENSR (%): 58.2934
Byzantine drops:    1081
Total energy (J):   500.367
Byz fraction:       0.2
======================================

