Waf: Entering directory `/home/runner/work/astro-fanet-artifact/astro-fanet-artifact/ns-allinone-3.29/ns-3.29/build'
Waf: Leaving directory `/home/runner/work/astro-fanet-artifact/astro-fanet-artifact/ns-allinone-3.29/ns-3.29/build'
Build commands will be stored in build/compile_commands.json
'build' finished successfully (2.510s)

======================================
ASTRO-FANET Simulation Results
======================================
Protocol:           sba
UAVs:               20
Mobility:           gm3d
Seed:               3003
Duration:           30 s
--------------------------------------
PDR (%):            94.9389
PDR source:         app
Generated (app):    573
Delivered (app):    544
Delivered (FM):     0
Lost (FM):          0
Avg Delay (ms):     0.876838
Throughput (kbit/s):48.1451
Avg AoI (ms):       955.103
Ctrl Overhead (%):  74.5591
Energy/bit (uJ):    349.185
BRR:                20638
Broadcasts:         20638
Suppressed:         641
Data receptions:    179695
Duplicate rx:       169375
Redundancy RR (%):  94.2569
Saved rebcast SP(%):0.00968992
Path length BL:     0.116387
Emergency fwd:      959
Emergency supp:     1
Emergency ENSR (%): 99.8958
Byzantine drops:    0
Total energy (J):   504.346
Byz fraction:       0
======================================

