Waf: Entering directory `/home/runner/work/astro-fanet-artifact/astro-fanet-artifact/ns-allinone-3.29/ns-3.29/build'
Waf: Leaving directory `/home/runner/work/astro-fanet-artifact/astro-fanet-artifact/ns-allinone-3.29/ns-3.29/build'
Build commands will be stored in build/compile_commands.json
'build' finished successfully (2.003s)

======================================
ASTRO-FANET Simulation Results
======================================
Protocol:           sf
UAVs:               20
Mobility:           rpgm
Seed:               3005
Duration:           30 s
--------------------------------------
PDR (%):            95
PDR source:         app
Generated (app):    580
Delivered (app):    551
Delivered (FM):     0
Lost (FM):          0
Avg Delay (ms):     0.932849
Throughput (kbit/s):45.1072
Avg AoI (ms):       939.154
Ctrl Overhead (%):  75.7378
Energy/bit (uJ):    370.681
BRR:                20118
Broadcasts:         20118
Suppressed:         640
Data receptions:    160160
Duplicate rx:       149560
Redundancy RR (%):  93.3816
Saved rebcast SP(%):0
Path length BL:     0.126056
Emergency fwd:      1390
Emergency supp:     0
Emergency ENSR (%): 100
Byzantine drops:    541
Total energy (J):   501.612
Byz fraction:       0.1
======================================

