Waf: Entering directory `/home/runner/work/astro-fanet-artifact/astro-fanet-artifact/ns-allinone-3.29/ns-3.29/build'
Waf: Leaving directory `/home/runner/work/astro-fanet-artifact/astro-fanet-artifact/ns-allinone-3.29/ns-3.29/build'
Build commands will be stored in build/compile_commands.json
'build' finished successfully (2.036s)

======================================
ASTRO-FANET Simulation Results
======================================
Protocol:           sf
UAVs:               20
Mobility:           rpgm
Seed:               3003
Duration:           30 s
--------------------------------------
PDR (%):            94.7552
PDR source:         app
Generated (app):    572
Delivered (app):    542
Delivered (FM):     0
Lost (FM):          0
Avg Delay (ms):     0.835793
Throughput (kbit/s):46.2848
Avg AoI (ms):       948.41
Ctrl Overhead (%):  75.4625
Energy/bit (uJ):    361.179
BRR:                18966
Broadcasts:         18966
Suppressed:         628
Data receptions:    155301
Duplicate rx:       144781
Redundancy RR (%):  93.2261
Saved rebcast SP(%):0
Path length BL:     0.0935358
Emergency fwd:      904
Emergency supp:     0
Emergency ENSR (%): 100
Byzantine drops:    1037
Total energy (J):   501.513
Byz fraction:       0.2
======================================

