Waf: Entering directory `/home/runner/work/astro-fanet-artifact/astro-fanet-artifact/ns-allinone-3.29/ns-3.29/build'
Waf: Leaving directory `/home/runner/work/astro-fanet-artifact/astro-fanet-artifact/ns-allinone-3.29/ns-3.29/build'
Build commands will be stored in build/compile_commands.json
'build' finished successfully (2.554s)

======================================
ASTRO-FANET Simulation Results
======================================
Protocol:           astro
UAVs:               20
Mobility:           gm3d
Seed:               3004
Duration:           30 s
--------------------------------------
PDR (%):            95.4939
PDR source:         app
Generated (app):    577
Delivered (app):    551
Delivered (FM):     0
Lost (FM):          0
Avg Delay (ms):     0.667877
Throughput (kbit/s):45.2437
Avg AoI (ms):       931.405
Ctrl Overhead (%):  75.8301
Energy/bit (uJ):    369.574
BRR:                20810
Broadcasts:         20810
Suppressed:         654
Data receptions:    163646
Duplicate rx:       153226
Redundancy RR (%):  93.6326
Saved rebcast SP(%):0.143954
Path length BL:     0.136377
Emergency fwd:      1040
Emergency supp:     0
Emergency ENSR (%): 100
Byzantine drops:    0
Total energy (J):   501.627
Byz fraction:       0
======================================

