Waf: Entering directory `/home/runner/work/astro-fanet-artifact/astro-fanet-artifact/ns-allinone-3.29/ns-3.29/build'
Waf: Leaving directory `/home/runner/work/astro-fanet-artifact/astro-fanet-artifact/ns-allinone-3.29/ns-3.29/build'
Build commands will be stored in build/compile_commands.json
'build' finished successfully (2.556s)

======================================
ASTRO-FANET Simulation Results
======================================
Protocol:           sba
UAVs:               20
Mobility:           rpgm
Seed:               3001
Duration:           30 s
--------------------------------------
PDR (%):            94.8673
PDR source:         app
Generated (app):    565
Delivered (app):    536
Delivered (FM):     0
Lost (FM):          0
Avg Delay (ms):     1.05037
Throughput (kbit/s):43.9637
Avg AoI (ms):       966.012
Ctrl Overhead (%):  76.3413
Energy/bit (uJ):    381.709
BRR:                20438
Broadcasts:         20438
Suppressed:         636
Data receptions:    173007
Duplicate rx:       162787
Redundancy RR (%):  94.0927
Saved rebcast SP(%):0.00978474
Path length BL:     0.16117
Emergency fwd:      1219
Emergency supp:     1
Emergency ENSR (%): 99.918
Byzantine drops:    0
Total energy (J):   503.44
Byz fraction:       0
======================================

