Waf: Entering directory `/home/runner/work/astro-fanet-artifact/astro-fanet-artifact/ns-allinone-3.29/ns-3.29/build'
Waf: Leaving directory `/home/runner/work/astro-fanet-artifact/astro-fanet-artifact/ns-allinone-3.29/ns-3.29/build'
Build commands will be stored in build/compile_commands.json
'build' finished successfully (1.934s)

======================================
ASTRO-FANET Simulation Results
======================================
Protocol:           sba
UAVs:               20
Mobility:           gm3d
Seed:               3001
Duration:           30 s
--------------------------------------
PDR (%):            95.2555
PDR source:         app
Generated (app):    548
Delivered (app):    522
Delivered (FM):     0
Lost (FM):          0
Avg Delay (ms):     0.796935
Throughput (kbit/s):44.4245
Avg AoI (ms):       1002.88
Ctrl Overhead (%):  76.0881
Energy/bit (uJ):    377.421
BRR:                17914
Broadcasts:         17914
Suppressed:         652
Data receptions:    165463
Duplicate rx:       155523
Redundancy RR (%):  93.9926
Saved rebcast SP(%):0
Path length BL:     0.16836
Emergency fwd:      901
Emergency supp:     0
Emergency ENSR (%): 100
Byzantine drops:    983
Total energy (J):   503.002
Byz fraction:       0.2
======================================

