Waf: Entering directory `/home/runner/work/astro-fanet-artifact/astro-fanet-artifact/ns-allinone-3.29/ns-3.29/build'
Waf: Leaving directory `/home/runner/work/astro-fanet-artifact/astro-fanet-artifact/ns-allinone-3.29/ns-3.29/build'
Build commands will be stored in build/compile_commands.json
'build' finished successfully (1.950s)

======================================
ASTRO-FANET Simulation Results
======================================
Protocol:           astro
UAVs:               10
Mobility:           rpgm
Seed:               3003
Duration:           30 s
--------------------------------------
PDR (%):            71.4286
PDR source:         app
Generated (app):    287
Delivered (app):    205
Delivered (FM):     178
Lost (FM):          61
Avg Delay (ms):     0.268293
Throughput (kbit/s):17.7664
Avg AoI (ms):       1077.48
Ctrl Overhead (%):  75.0145
Energy/bit (uJ):    462.924
BRR:                540
Broadcasts:         540
Suppressed:         332
Data receptions:    16923
Duplicate rx:       16653
Redundancy RR (%):  98.4045
Saved rebcast SP(%):0
Path length BL:     0.544444
Emergency fwd:      270
Emergency supp:     0
Emergency ENSR (%): 100
Total energy (J):   246.735
Byz fraction:       0
======================================

