Waf: Entering directory `/home/runner/work/astro-fanet-artifact/astro-fanet-artifact/ns-allinone-3.29/ns-3.29/build'
Waf: Leaving directory `/home/runner/work/astro-fanet-artifact/astro-fanet-artifact/ns-allinone-3.29/ns-3.29/build'
Build commands will be stored in build/compile_commands.json
'build' finished successfully (2.535s)

======================================
ASTRO-FANET Simulation Results
======================================
Protocol:           pr
UAVs:               10
Mobility:           rpgm
Seed:               3003
Duration:           30 s
--------------------------------------
PDR (%):            95.8188
PDR source:         app
Generated (app):    287
Delivered (app):    275
Delivered (FM):     0
Lost (FM):          0
Avg Delay (ms):     0.0872727
Throughput (kbit/s):23.4667
Avg AoI (ms):       943.891
Ctrl Overhead (%):  75.0145
Energy/bit (uJ):    351.884
BRR:                2818
Broadcasts:         2818
Suppressed:         1364
Data receptions:    28444
Duplicate rx:       26003
Redundancy RR (%):  91.4182
Saved rebcast SP(%):42.2778
Path length BL:     0.156139
Emergency fwd:      156
Emergency supp:     114
Emergency ENSR (%): 57.7778
Byzantine drops:    0
Total energy (J):   247.726
Byz fraction:       0
======================================

