Waf: Entering directory `/home/runner/work/astro-fanet-artifact/astro-fanet-artifact/ns-allinone-3.29/ns-3.29/build'
Waf: Leaving directory `/home/runner/work/astro-fanet-artifact/astro-fanet-artifact/ns-allinone-3.29/ns-3.29/build'
Build commands will be stored in build/compile_commands.json
'build' finished successfully (2.017s)

======================================
ASTRO-FANET Simulation Results
======================================
Protocol:           sf
UAVs:               20
Mobility:           gm3d
Seed:               3005
Duration:           30 s
--------------------------------------
PDR (%):            95.2632
PDR source:         app
Generated (app):    570
Delivered (app):    543
Delivered (FM):     0
Lost (FM):          0
Avg Delay (ms):     0.893186
Throughput (kbit/s):47.5648
Avg AoI (ms):       954.535
Ctrl Overhead (%):  74.9114
Energy/bit (uJ):    351.398
BRR:                18464
Broadcasts:         18464
Suppressed:         647
Data receptions:    154892
Duplicate rx:       144649
Redundancy RR (%):  93.387
Saved rebcast SP(%):0
Path length BL:     0.141789
Emergency fwd:      843
Emergency supp:     0
Emergency ENSR (%): 100
Byzantine drops:    1011
Total energy (J):   501.425
Byz fraction:       0.2
======================================

