Waf: Entering directory `/home/runner/work/astro-fanet-artifact/astro-fanet-artifact/ns-allinone-3.29/ns-3.29/build'
Waf: Leaving directory `/home/runner/work/astro-fanet-artifact/astro-fanet-artifact/ns-allinone-3.29/ns-3.29/build'
Build commands will be stored in build/compile_commands.json
'build' finished successfully (1.946s)

======================================
ASTRO-FANET Simulation Results
======================================
Protocol:           sba
UAVs:               20
Mobility:           rpgm
Seed:               3002
Duration:           30 s
--------------------------------------
PDR (%):            95.3411
PDR source:         app
Generated (app):    601
Delivered (app):    573
Delivered (FM):     0
Lost (FM):          0
Avg Delay (ms):     0.947644
Throughput (kbit/s):46.7627
Avg AoI (ms):       905.792
Ctrl Overhead (%):  75.1697
Energy/bit (uJ):    359.231
BRR:                19714
Broadcasts:         19714
Suppressed:         640
Data receptions:    180134
Duplicate rx:       169170
Redundancy RR (%):  93.9134
Saved rebcast SP(%):0.010144
Path length BL:     0.139799
Emergency fwd:      1112
Emergency supp:     1
Emergency ENSR (%): 99.9102
Byzantine drops:    1106
Total energy (J):   503.957
Byz fraction:       0.2
======================================

