Waf: Entering directory `/home/runner/work/astro-fanet-artifact/astro-fanet-artifact/ns-allinone-3.29/ns-3.29/build'
Waf: Leaving directory `/home/runner/work/astro-fanet-artifact/astro-fanet-artifact/ns-allinone-3.29/ns-3.29/build'
Build commands will be stored in build/compile_commands.json
'build' finished successfully (2.036s)

======================================
ASTRO-FANET Simulation Results
======================================
Protocol:           sf
UAVs:               20
Mobility:           rpgm
Seed:               3004
Duration:           30 s
--------------------------------------
PDR (%):            94.7189
PDR source:         app
Generated (app):    587
Delivered (app):    556
Delivered (FM):     0
Lost (FM):          0
Avg Delay (ms):     1.05935
Throughput (kbit/s):48.4181
Avg AoI (ms):       941.075
Ctrl Overhead (%):  74.3049
Energy/bit (uJ):    345.336
BRR:                19296
Broadcasts:         19296
Suppressed:         635
Data receptions:    154098
Duplicate rx:       143395
Redundancy RR (%):  93.0544
Saved rebcast SP(%):0
Path length BL:     0.128109
Emergency fwd:      757
Emergency supp:     0
Emergency ENSR (%): 100
Byzantine drops:    1055
Total energy (J):   501.616
Byz fraction:       0.2
======================================

