Waf: Entering directory `/home/runner/work/astro-fanet-artifact/astro-fanet-artifact/ns-allinone-3.29/ns-3.29/build'
Waf: Leaving directory `/home/runner/work/astro-fanet-artifact/astro-fanet-artifact/ns-allinone-3.29/ns-3.29/build'
Build commands will be stored in build/compile_commands.json
'build' finished successfully (2.535s)

======================================
ASTRO-FANET Simulation Results
======================================
Protocol:           cb
UAVs:               10
Mobility:           gm3d
Seed:               3001
Duration:           30 s
--------------------------------------
PDR (%):            96.124
PDR source:         app
Generated (app):    258
Delivered (app):    248
Delivered (FM):     0
Lost (FM):          0
Avg Delay (ms):     0.0927419
Throughput (kbit/s):22.6987
Avg AoI (ms):       1037.15
Ctrl Overhead (%):  76.0218
Energy/bit (uJ):    363.235
BRR:                1234
Broadcasts:         1234
Suppressed:         1973
Data receptions:    23792
Duplicate rx:       21542
Redundancy RR (%):  90.543
Saved rebcast SP(%):72.5778
Path length BL:     0.290113
Emergency fwd:      49
Emergency supp:     141
Emergency ENSR (%): 25.7895
Byzantine drops:    0
Total energy (J):   247.349
Byz fraction:       0
======================================

