Waf: Entering directory `/home/runner/work/astro-fanet-artifact/astro-fanet-artifact/ns-allinone-3.29/ns-3.29/build'
Waf: Leaving directory `/home/runner/work/astro-fanet-artifact/astro-fanet-artifact/ns-allinone-3.29/ns-3.29/build'
Build commands will be stored in build/compile_commands.json
'build' finished successfully (1.996s)

======================================
ASTRO-FANET Simulation Results
======================================
Protocol:           sba
UAVs:               10
Mobility:           gm3d
Seed:               3002
Duration:           30 s
--------------------------------------
PDR (%):            100
PDR source:         app
Generated (app):    254
Delivered (app):    254
Delivered (FM):     234
Lost (FM):          0
Avg Delay (ms):     4.29528
Throughput (kbit/s):22.3573
Avg AoI (ms):       1066.47
Ctrl Overhead (%):  76.8934
Energy/bit (uJ):    368.007
BRR:                418
Broadcasts:         418
Suppressed:         337
Data receptions:    16509
Duplicate rx:       16299
Redundancy RR (%):  98.728
Saved rebcast SP(%):0.47619
Path length BL:     0.645933
Emergency fwd:      209
Emergency supp:     1
Emergency ENSR (%): 99.5238
Total energy (J):   246.83
Byz fraction:       0
======================================

