Waf: Entering directory `/home/runner/work/astro-fanet-artifact/astro-fanet-artifact/ns-allinone-3.29/ns-3.29/build'
Waf: Leaving directory `/home/runner/work/astro-fanet-artifact/astro-fanet-artifact/ns-allinone-3.29/ns-3.29/build'
Build commands will be stored in build/compile_commands.json
'build' finished successfully (1.968s)

======================================
ASTRO-FANET Simulation Results
======================================
Protocol:           astro
UAVs:               20
Mobility:           rpgm
Seed:               3001
Duration:           30 s
--------------------------------------
PDR (%):            95.0791
PDR source:         app
Generated (app):    569
Delivered (app):    541
Delivered (FM):     0
Lost (FM):          0
Avg Delay (ms):     1.16636
Throughput (kbit/s):47.3771
Avg AoI (ms):       966.405
Ctrl Overhead (%):  75.092
Energy/bit (uJ):    352.784
BRR:                19678
Broadcasts:         19678
Suppressed:         680
Data receptions:    149763
Duplicate rx:       139357
Redundancy RR (%):  93.0517
Saved rebcast SP(%):0.455281
Path length BL:     0.151641
Emergency fwd:      945
Emergency supp:     0
Emergency ENSR (%): 100
Byzantine drops:    522
Total energy (J):   501.416
Byz fraction:       0.1
======================================

