Waf: Entering directory `/home/runner/work/astro-fanet-artifact/astro-fanet-artifact/ns-allinone-3.29/ns-3.29/build'
Waf: Leaving directory `/home/runner/work/astro-fanet-artifact/astro-fanet-artifact/ns-allinone-3.29/ns-3.29/build'
Build commands will be stored in build/compile_commands.json
'build' finished successfully (2.559s)

======================================
ASTRO-FANET Simulation Results
======================================
Protocol:           cb
UAVs:               20
Mobility:           rpgm
Seed:               3003
Duration:           30 s
--------------------------------------
PDR (%):            96.0208
PDR source:         app
Generated (app):    578
Delivered (app):    555
Delivered (FM):     0
Lost (FM):          0
Avg Delay (ms):     0.178378
Throughput (kbit/s):48.7424
Avg AoI (ms):       932.301
Ctrl Overhead (%):  74.8021
Energy/bit (uJ):    340.876
BRR:                4578
Broadcasts:         4578
Suppressed:         8979
Data receptions:    105687
Duplicate rx:       95047
Redundancy RR (%):  89.9325
Saved rebcast SP(%):78.4868
Path length BL:     0.11446
Emergency fwd:      184
Emergency supp:     916
Emergency ENSR (%): 16.7273
Byzantine drops:    0
Total energy (J):   498.454
Byz fraction:       0
======================================

