Waf: Entering directory `/home/runner/work/astro-fanet-artifact/astro-fanet-artifact/ns-allinone-3.29/ns-3.29/build'
Waf: Leaving directory `/home/runner/work/astro-fanet-artifact/astro-fanet-artifact/ns-allinone-3.29/ns-3.29/build'
Build commands will be stored in build/compile_commands.json
'build' finished successfully (1.993s)

======================================
ASTRO-FANET Simulation Results
======================================
Protocol:           pr
UAVs:               20
Mobility:           rpgm
Seed:               3003
Duration:           30 s
--------------------------------------
PDR (%):            95.0758
PDR source:         app
Generated (app):    528
Delivered (app):    502
Delivered (FM):     0
Lost (FM):          0
Avg Delay (ms):     0.366534
Throughput (kbit/s):42.0352
Avg AoI (ms):       1033.02
Ctrl Overhead (%):  77.1929
Energy/bit (uJ):    396.285
BRR:                10324
Broadcasts:         10324
Suppressed:         4133
Data receptions:    128680
Duplicate rx:       119095
Redundancy RR (%):  92.5513
Saved rebcast SP(%):40.4408
Path length BL:     0.0786517
Emergency fwd:      655
Emergency supp:     418
Emergency ENSR (%): 61.0438
Byzantine drops:    918
Total energy (J):   499.737
Byz fraction:       0.2
======================================

