Waf: Entering directory `/home/runner/work/astro-fanet-artifact/astro-fanet-artifact/ns-allinone-3.29/ns-3.29/build'
Waf: Leaving directory `/home/runner/work/astro-fanet-artifact/astro-fanet-artifact/ns-allinone-3.29/ns-3.29/build'
Build commands will be stored in build/compile_commands.json
'build' finished successfully (2.506s)

======================================
ASTRO-FANET Simulation Results
======================================
Protocol:           pr
UAVs:               10
Mobility:           gm3d
Seed:               3002
Duration:           30 s
--------------------------------------
PDR (%):            95.6693
PDR source:         app
Generated (app):    254
Delivered (app):    243
Delivered (FM):     0
Lost (FM):          0
Avg Delay (ms):     0.115226
Throughput (kbit/s):21.4869
Avg AoI (ms):       1079.73
Ctrl Overhead (%):  76.8934
Energy/bit (uJ):    384.216
BRR:                2688
Broadcasts:         2688
Suppressed:         1243
Data receptions:    27519
Duplicate rx:       25268
Redundancy RR (%):  91.8202
Saved rebcast SP(%):40.2932
Path length BL:     0.129464
Emergency fwd:      112
Emergency supp:     78
Emergency ENSR (%): 58.9474
Byzantine drops:    0
Total energy (J):   247.669
Byz fraction:       0
======================================

