Waf: Entering directory `/home/runner/work/astro-fanet-artifact/astro-fanet-artifact/ns-allinone-3.29/ns-3.29/build'
Waf: Leaving directory `/home/runner/work/astro-fanet-artifact/astro-fanet-artifact/ns-allinone-3.29/ns-3.29/build'
Build commands will be stored in build/compile_commands.json
'build' finished successfully (1.975s)

======================================
ASTRO-FANET Simulation Results
======================================
Protocol:           sba
UAVs:               10
Mobility:           gm3d
Seed:               3001
Duration:           30 s
--------------------------------------
PDR (%):            58.9147
PDR source:         app
Generated (app):    258
Delivered (app):    152
Delivered (FM):     131
Lost (FM):          69
Avg Delay (ms):     0.309211
Throughput (kbit/s):13.8581
Avg AoI (ms):       1211.63
Ctrl Overhead (%):  76.0218
Energy/bit (uJ):    593.397
BRR:                398
Broadcasts:         398
Suppressed:         341
Data receptions:    16420
Duplicate rx:       16220
Redundancy RR (%):  98.782
Saved rebcast SP(%):0.5
Path length BL:     0.703518
Emergency fwd:      199
Emergency supp:     1
Emergency ENSR (%): 99.5
Total energy (J):   246.701
Byz fraction:       0
======================================

