Waf: Entering directory `/home/runner/work/astro-fanet-artifact/astro-fanet-artifact/ns-allinone-3.29/ns-3.29/build'
Waf: Leaving directory `/home/runner/work/astro-fanet-artifact/astro-fanet-artifact/ns-allinone-3.29/ns-3.29/build'
Build commands will be stored in build/compile_commands.json
'build' finished successfully (2.022s)

======================================
ASTRO-FANET Simulation Results
======================================
Protocol:           sf
UAVs:               20
Mobility:           rpgm
Seed:               3004
Duration:           30 s
--------------------------------------
PDR (%):            94.5486
PDR source:         app
Generated (app):    587
Delivered (app):    555
Delivered (FM):     0
Lost (FM):          0
Avg Delay (ms):     1.16577
Throughput (kbit/s):49.5957
Avg AoI (ms):       940.596
Ctrl Overhead (%):  73.9394
Energy/bit (uJ):    337.304
BRR:                20120
Broadcasts:         20120
Suppressed:         635
Data receptions:    155240
Duplicate rx:       144660
Redundancy RR (%):  93.1847
Saved rebcast SP(%):0
Path length BL:     0.157256
Emergency fwd:      750
Emergency supp:     0
Emergency ENSR (%): 100
Byzantine drops:    520
Total energy (J):   501.864
Byz fraction:       0.1
======================================

