Waf: Entering directory `/home/runner/work/astro-fanet-artifact/astro-fanet-artifact/ns-allinone-3.29/ns-3.29/build'
Waf: Leaving directory `/home/runner/work/astro-fanet-artifact/astro-fanet-artifact/ns-allinone-3.29/ns-3.29/build'
Build commands will be stored in build/compile_commands.json
'build' finished successfully (2.533s)

======================================
ASTRO-FANET Simulation Results
======================================
Protocol:           sba
UAVs:               10
Mobility:           gm3d
Seed:               3005
Duration:           30 s
--------------------------------------
PDR (%):            96.2687
PDR source:         app
Generated (app):    268
Delivered (app):    258
Delivered (FM):     0
Lost (FM):          0
Avg Delay (ms):     0.143411
Throughput (kbit/s):22.8352
Avg AoI (ms):       1000.04
Ctrl Overhead (%):  75.863
Energy/bit (uJ):    362.413
BRR:                4678
Broadcasts:         4678
Suppressed:         335
Data receptions:    33789
Duplicate rx:       31449
Redundancy RR (%):  93.0747
Saved rebcast SP(%):0.042735
Path length BL:     0.183412
Emergency fwd:      259
Emergency supp:     1
Emergency ENSR (%): 99.6154
Byzantine drops:    0
Total energy (J):   248.273
Byz fraction:       0
======================================

