Waf: Entering directory `/home/runner/work/astro-fanet-artifact/astro-fanet-artifact/ns-allinone-3.29/ns-3.29/build'
Waf: Leaving directory `/home/runner/work/astro-fanet-artifact/astro-fanet-artifact/ns-allinone-3.29/ns-3.29/build'
Build commands will be stored in build/compile_commands.json
'build' finished successfully (1.960s)

======================================
ASTRO-FANET Simulation Results
======================================
Protocol:           astro
UAVs:               20
Mobility:           rpgm
Seed:               3005
Duration:           30 s
--------------------------------------
PDR (%):            94.5993
PDR source:         app
Generated (app):    574
Delivered (app):    543
Delivered (FM):     0
Lost (FM):          0
Avg Delay (ms):     0.92081
Throughput (kbit/s):48.0597
Avg AoI (ms):       963.398
Ctrl Overhead (%):  74.591
Energy/bit (uJ):    347.895
BRR:                18426
Broadcasts:         18426
Suppressed:         675
Data receptions:    152673
Duplicate rx:       142408
Redundancy RR (%):  93.2765
Saved rebcast SP(%):0.37846
Path length BL:     0.118203
Emergency fwd:      1117
Emergency supp:     0
Emergency ENSR (%): 100
Byzantine drops:    1017
Total energy (J):   501.592
Byz fraction:       0.2
======================================

