Waf: Entering directory `/home/runner/work/astro-fanet-artifact/astro-fanet-artifact/ns-allinone-3.29/ns-3.29/build'
Waf: Leaving directory `/home/runner/work/astro-fanet-artifact/astro-fanet-artifact/ns-allinone-3.29/ns-3.29/build'
Build commands will be stored in build/compile_commands.json
'build' finished successfully (2.485s)

======================================
ASTRO-FANET Simulation Results
======================================
Protocol:           pr
UAVs:               10
Mobility:           rpgm
Seed:               3001
Duration:           30 s
--------------------------------------
PDR (%):            96.0714
PDR source:         app
Generated (app):    280
Delivered (app):    269
Delivered (FM):     0
Lost (FM):          0
Avg Delay (ms):     0.133829
Throughput (kbit/s):22.272
Avg AoI (ms):       987.498
Ctrl Overhead (%):  76.2345
Energy/bit (uJ):    370.784
BRR:                2806
Broadcasts:         2806
Suppressed:         1360
Data receptions:    28893
Duplicate rx:       26463
Redundancy RR (%):  91.5897
Saved rebcast SP(%):42.2634
Path length BL:     0.12402
Emergency fwd:      199
Emergency supp:     151
Emergency ENSR (%): 56.8571
Byzantine drops:    0
Total energy (J):   247.743
Byz fraction:       0
======================================

