Waf: Entering directory `/home/runner/work/astro-fanet-artifact/astro-fanet-artifact/ns-allinone-3.29/ns-3.29/build'
Waf: Leaving directory `/home/runner/work/astro-fanet-artifact/astro-fanet-artifact/ns-allinone-3.29/ns-3.29/build'
Build commands will be stored in build/compile_commands.json
'build' finished successfully (2.536s)

======================================
ASTRO-FANET Simulation Results
======================================
Protocol:           sba
UAVs:               10
Mobility:           rpgm
Seed:               3005
Duration:           30 s
--------------------------------------
PDR (%):            96.4912
PDR source:         app
Generated (app):    285
Delivered (app):    275
Delivered (FM):     0
Lost (FM):          0
Avg Delay (ms):     0.0763636
Throughput (kbit/s):22.272
Avg AoI (ms):       931.883
Ctrl Overhead (%):  76.1413
Energy/bit (uJ):    371.748
BRR:                5100
Broadcasts:         5100
Suppressed:         342
Data receptions:    36293
Duplicate rx:       33743
Redundancy RR (%):  92.9739
Saved rebcast SP(%):0
Path length BL:     0.136863
Emergency fwd:      270
Emergency supp:     0
Emergency ENSR (%): 100
Byzantine drops:    0
Total energy (J):   248.387
Byz fraction:       0
======================================

