Waf: Entering directory `/home/runner/work/astro-fanet-artifact/astro-fanet-artifact/ns-allinone-3.29/ns-3.29/build'
Waf: Leaving directory `/home/runner/work/astro-fanet-artifact/astro-fanet-artifact/ns-allinone-3.29/ns-3.29/build'
Build commands will be stored in build/compile_commands.json
'build' finished successfully (1.952s)

======================================
ASTRO-FANET Simulation Results
======================================
Protocol:           astro
UAVs:               20
Mobility:           gm3d
Seed:               3002
Duration:           30 s
--------------------------------------
PDR (%):            95.3668
PDR source:         app
Generated (app):    518
Delivered (app):    494
Delivered (FM):     0
Lost (FM):          0
Avg Delay (ms):     0.649798
Throughput (kbit/s):41.1307
Avg AoI (ms):       1057.09
Ctrl Overhead (%):  77.5224
Energy/bit (uJ):    405.919
BRR:                18158
Broadcasts:         18158
Suppressed:         653
Data receptions:    152762
Duplicate rx:       143182
Redundancy RR (%):  93.7288
Saved rebcast SP(%):0.164944
Path length BL:     0.174138
Emergency fwd:      1064
Emergency supp:     0
Emergency ENSR (%): 100
Byzantine drops:    486
Total energy (J):   500.871
Byz fraction:       0.1
======================================

