Waf: Entering directory `/home/runner/work/astro-fanet-artifact/astro-fanet-artifact/ns-allinone-3.29/ns-3.29/build'
Waf: Leaving directory `/home/runner/work/astro-fanet-artifact/astro-fanet-artifact/ns-allinone-3.29/ns-3.29/build'
Build commands will be stored in build/compile_commands.json
'build' finished successfully (1.989s)

======================================
ASTRO-FANET Simulation Results
======================================
Protocol:           sf
UAVs:               20
Mobility:           gm3d
Seed:               3004
Duration:           30 s
--------------------------------------
PDR (%):            94.5205
PDR source:         app
Generated (app):    584
Delivered (app):    552
Delivered (FM):     0
Lost (FM):          0
Avg Delay (ms):     0.724638
Throughput (kbit/s):45.5509
Avg AoI (ms):       940.987
Ctrl Overhead (%):  75.613
Energy/bit (uJ):    367.024
BRR:                18884
Broadcasts:         18884
Suppressed:         639
Data receptions:    159469
Duplicate rx:       148983
Redundancy RR (%):  93.4244
Saved rebcast SP(%):0
Path length BL:     0.149227
Emergency fwd:      888
Emergency supp:     0
Emergency ENSR (%): 100
Byzantine drops:    1044
Total energy (J):   501.549
Byz fraction:       0.2
======================================

