Waf: Entering directory `/home/runner/work/astro-fanet-artifact/astro-fanet-artifact/ns-allinone-3.29/ns-3.29/build'
Waf: Leaving directory `/home/runner/work/astro-fanet-artifact/astro-fanet-artifact/ns-allinone-3.29/ns-3.29/build'
Build commands will be stored in build/compile_commands.json
'build' finished successfully (2.509s)

======================================
ASTRO-FANET Simulation Results
======================================
Protocol:           astro
UAVs:               20
Mobility:           gm3d
Seed:               3005
Duration:           30 s
--------------------------------------
PDR (%):            93.9623
PDR source:         app
Generated (app):    530
Delivered (app):    498
Delivered (FM):     0
Lost (FM):          0
Avg Delay (ms):     1.01807
Throughput (kbit/s):43.7248
Avg AoI (ms):       1055.78
Ctrl Overhead (%):  76.2612
Energy/bit (uJ):    382.06
BRR:                18812
Broadcasts:         18812
Suppressed:         667
Data receptions:    151247
Duplicate rx:       141821
Redundancy RR (%):  93.7678
Saved rebcast SP(%):0.212179
Path length BL:     0.13417
Emergency fwd:      940
Emergency supp:     0
Emergency ENSR (%): 100
Byzantine drops:    0
Total energy (J):   501.164
Byz fraction:       0
======================================

