Waf: Entering directory `/home/runner/work/astro-fanet-artifact/astro-fanet-artifact/ns-allinone-3.29/ns-3.29/build'
Waf: Leaving directory `/home/runner/work/astro-fanet-artifact/astro-fanet-artifact/ns-allinone-3.29/ns-3.29/build'
Build commands will be stored in build/compile_commands.json
'build' finished successfully (1.961s)

======================================
ASTRO-FANET Simulation Results
======================================
Protocol:           pr
UAVs:               10
Mobility:           rpgm
Seed:               3005
Duration:           30 s
--------------------------------------
PDR (%):            55.4386
PDR source:         app
Generated (app):    285
Delivered (app):    158
Delivered (FM):     129
Lost (FM):          91
Avg Delay (ms):     0.196203
Throughput (kbit/s):12.4928
Avg AoI (ms):       1195.89
Ctrl Overhead (%):  76.1413
Energy/bit (uJ):    658.303
BRR:                314
Broadcasts:         314
Suppressed:         455
Data receptions:    16422
Duplicate rx:       16152
Redundancy RR (%):  98.3559
Saved rebcast SP(%):41.8519
Path length BL:     0.471338
Emergency fwd:      157
Emergency supp:     113
Emergency ENSR (%): 58.1481
Total energy (J):   246.721
Byz fraction:       0
======================================

