Waf: Entering directory `/home/runner/work/astro-fanet-artifact/astro-fanet-artifact/ns-allinone-3.29/ns-3.29/build'
Waf: Leaving directory `/home/runner/work/astro-fanet-artifact/astro-fanet-artifact/ns-allinone-3.29/ns-3.29/build'
Build commands will be stored in build/compile_commands.json
'build' finished successfully (1.932s)

======================================
ASTRO-FANET Simulation Results
======================================
Protocol:           sba
UAVs:               20
Mobility:           rpgm
Seed:               3002
Duration:           30 s
--------------------------------------
PDR (%):            95.2623
PDR source:         app
Generated (app):    591
Delivered (app):    563
Delivered (FM):     0
Lost (FM):          0
Avg Delay (ms):     0.982238
Throughput (kbit/s):48.9984
Avg AoI (ms):       934.796
Ctrl Overhead (%):  74.4572
Energy/bit (uJ):    343.308
BRR:                20492
Broadcasts:         20492
Suppressed:         640
Data receptions:    182958
Duplicate rx:       172178
Redundancy RR (%):  94.1079
Saved rebcast SP(%):0.00975895
Path length BL:     0.136834
Emergency fwd:      1170
Emergency supp:     1
Emergency ENSR (%): 99.9146
Byzantine drops:    533
Total energy (J):   504.647
Byz fraction:       0.1
======================================

