Waf: Entering directory `/home/runner/work/astro-fanet-artifact/astro-fanet-artifact/ns-allinone-3.29/ns-3.29/build'
Waf: Leaving directory `/home/runner/work/astro-fanet-artifact/astro-fanet-artifact/ns-allinone-3.29/ns-3.29/build'
Build commands will be stored in build/compile_commands.json
'build' finished successfully (2.502s)

======================================
ASTRO-FANET Simulation Results
======================================
Protocol:           pr
UAVs:               20
Mobility:           rpgm
Seed:               3005
Duration:           30 s
--------------------------------------
PDR (%):            95.2218
PDR source:         app
Generated (app):    586
Delivered (app):    558
Delivered (FM):     0
Lost (FM):          0
Avg Delay (ms):     0.550179
Throughput (kbit/s):48.1621
Avg AoI (ms):       940.441
Ctrl Overhead (%):  74.6996
Energy/bit (uJ):    346.557
BRR:                12666
Broadcasts:         12666
Suppressed:         4840
Data receptions:    140551
Duplicate rx:       130018
Redundancy RR (%):  92.5059
Saved rebcast SP(%):39.8747
Path length BL:     0.116848
Emergency fwd:      819
Emergency supp:     545
Emergency ENSR (%): 60.044
Byzantine drops:    0
Total energy (J):   500.728
Byz fraction:       0
======================================

