Waf: Entering directory `/home/runner/work/astro-fanet-artifact/astro-fanet-artifact/ns-allinone-3.29/ns-3.29/build'
Waf: Leaving directory `/home/runner/work/astro-fanet-artifact/astro-fanet-artifact/ns-allinone-3.29/ns-3.29/build'
Build commands will be stored in build/compile_commands.json
'build' finished successfully (1.994s)

======================================
ASTRO-FANET Simulation Results
======================================
Protocol:           cb
UAVs:               20
Mobility:           rpgm
Seed:               3004
Duration:           30 s
--------------------------------------
PDR (%):            53.1732
PDR source:         app
Generated (app):    583
Delivered (app):    310
Delivered (FM):     0
Lost (FM):          0
Avg Delay (ms):     3.57097
Throughput (kbit/s):25.1051
Avg AoI (ms):       1186.77
Ctrl Overhead (%):  74.3429
Energy/bit (uJ):    656.531
BRR:                346
Broadcasts:         346
Suppressed:         1522
Data receptions:    55513
Duplicate rx:       54453
Redundancy RR (%):  98.0905
Saved rebcast SP(%):83.6792
Path length BL:     0.473988
Emergency fwd:      173
Emergency supp:     887
Emergency ENSR (%): 16.3208
Total energy (J):   494.467
Byz fraction:       0
======================================

