Waf: Entering directory `/home/runner/work/astro-fanet-artifact/astro-fanet-artifact/ns-allinone-3.29/ns-3.29/build'
Waf: Leaving directory `/home/runner/work/astro-fanet-artifact/astro-fanet-artifact/ns-allinone-3.29/ns-3.29/build'
Build commands will be stored in build/compile_commands.json
'build' finished successfully (1.972s)

======================================
ASTRO-FANET Simulation Results
======================================
Protocol:           sba
UAVs:               20
Mobility:           rpgm
Seed:               3004
Duration:           30 s
--------------------------------------
PDR (%):            51.6295
PDR source:         app
Generated (app):    583
Delivered (app):    301
Delivered (FM):     0
Lost (FM):          0
Avg Delay (ms):     0.478405
Throughput (kbit/s):22.4768
Avg AoI (ms):       1278.21
Ctrl Overhead (%):  74.3429
Energy/bit (uJ):    733.704
BRR:                2118
Broadcasts:         2118
Suppressed:         636
Data receptions:    62839
Duplicate rx:       61779
Redundancy RR (%):  98.3131
Saved rebcast SP(%):0.0943396
Path length BL:     0.499528
Emergency fwd:      1059
Emergency supp:     1
Emergency ENSR (%): 99.9057
Total energy (J):   494.74
Byz fraction:       0
======================================

