Waf: Entering directory `/home/runner/work/astro-fanet-artifact/astro-fanet-artifact/ns-allinone-3.29/ns-3.29/build'
Waf: Leaving directory `/home/runner/work/astro-fanet-artifact/astro-fanet-artifact/ns-allinone-3.29/ns-3.29/build'
Build commands will be stored in build/compile_commands.json
'build' finished successfully (1.982s)

======================================
ASTRO-FANET Simulation Results
======================================
Protocol:           sba
UAVs:               10
Mobility:           gm3d
Seed:               3005
Duration:           30 s
--------------------------------------
PDR (%):            64.9254
PDR source:         app
Generated (app):    268
Delivered (app):    174
Delivered (FM):     146
Lost (FM):          64
Avg Delay (ms):     0.270115
Throughput (kbit/s):14.4213
Avg AoI (ms):       1191.29
Ctrl Overhead (%):  75.863
Energy/bit (uJ):    570.329
BRR:                558
Broadcasts:         558
Suppressed:         335
Data receptions:    17076
Duplicate rx:       16796
Redundancy RR (%):  98.3603
Saved rebcast SP(%):0.357143
Path length BL:     0.784946
Emergency fwd:      279
Emergency supp:     1
Emergency ENSR (%): 99.6429
Total energy (J):   246.747
Byz fraction:       0
======================================

