Waf: Entering directory `/home/runner/work/astro-fanet-artifact/astro-fanet-artifact/ns-allinone-3.29/ns-3.29/build'
Waf: Leaving directory `/home/runner/work/astro-fanet-artifact/astro-fanet-artifact/ns-allinone-3.29/ns-3.29/build'
Build commands will be stored in build/compile_commands.json
'build' finished successfully (2.518s)

======================================
ASTRO-FANET Simulation Results
======================================
Protocol:           cb
UAVs:               10
Mobility:           rpgm
Seed:               3004
Duration:           30 s
--------------------------------------
PDR (%):            96.6667
PDR source:         app
Generated (app):    300
Delivered (app):    290
Delivered (FM):     0
Lost (FM):          0
Avg Delay (ms):     0.0482759
Throughput (kbit/s):25.8219
Avg AoI (ms):       866.311
Ctrl Overhead (%):  73.5961
Energy/bit (uJ):    319.519
BRR:                1428
Broadcasts:         1428
Suppressed:         2250
Data receptions:    25364
Duplicate rx:       22734
Redundancy RR (%):  89.631
Saved rebcast SP(%):72.8517
Path length BL:     0.256303
Emergency fwd:      70
Emergency supp:     210
Emergency ENSR (%): 25
Byzantine drops:    0
Total energy (J):   247.517
Byz fraction:       0
======================================

