Waf: Entering directory `/home/runner/work/astro-fanet-artifact/astro-fanet-artifact/ns-allinone-3.29/ns-3.29/build'
Waf: Leaving directory `/home/runner/work/astro-fanet-artifact/astro-fanet-artifact/ns-allinone-3.29/ns-3.29/build'
Build commands will be stored in build/compile_commands.json
'build' finished successfully (1.973s)

======================================
ASTRO-FANET Simulation Results
======================================
Protocol:           sf
UAVs:               10
Mobility:           gm3d
Seed:               3004
Duration:           30 s
--------------------------------------
PDR (%):            38.6441
PDR source:         app
Generated (app):    295
Delivered (app):    114
Delivered (FM):     88
Lost (FM):          116
Avg Delay (ms):     0.219298
Throughput (kbit/s):8.6528
Avg AoI (ms):       1161.51
Ctrl Overhead (%):  74.9758
Energy/bit (uJ):    950.194
BRR:                500
Broadcasts:         500
Suppressed:         346
Data receptions:    16751
Duplicate rx:       16501
Redundancy RR (%):  98.5076
Saved rebcast SP(%):0
Path length BL:     0.656
Emergency fwd:      250
Emergency supp:     0
Emergency ENSR (%): 100
Total energy (J):   246.655
Byz fraction:       0
======================================

