Waf: Entering directory `/home/runner/work/astro-fanet-artifact/astro-fanet-artifact/ns-allinone-3.29/ns-3.29/build'
Waf: Leaving directory `/home/runner/work/astro-fanet-artifact/astro-fanet-artifact/ns-allinone-3.29/ns-3.29/build'
Build commands will be stored in build/compile_commands.json
'build' finished successfully (1.987s)

======================================
ASTRO-FANET Simulation Results
======================================
Protocol:           pr
UAVs:               20
Mobility:           rpgm
Seed:               3005
Duration:           30 s
--------------------------------------
PDR (%):            94.386
PDR source:         app
Generated (app):    570
Delivered (app):    538
Delivered (FM):     0
Lost (FM):          0
Avg Delay (ms):     0.628253
Throughput (kbit/s):46.5237
Avg AoI (ms):       974.878
Ctrl Overhead (%):  75.2086
Energy/bit (uJ):    358.425
BRR:                11058
Broadcasts:         11058
Suppressed:         4306
Data receptions:    133517
Duplicate rx:       123281
Redundancy RR (%):  92.3336
Saved rebcast SP(%):39.8695
Path length BL:     0.123892
Emergency fwd:      486
Emergency supp:     297
Emergency ENSR (%): 62.069
Byzantine drops:    1041
Total energy (J):   500.258
Byz fraction:       0.2
======================================

