Waf: Entering directory `/home/runner/work/astro-fanet-artifact/astro-fanet-artifact/ns-allinone-3.29/ns-3.29/build'
Waf: Leaving directory `/home/runner/work/astro-fanet-artifact/astro-fanet-artifact/ns-allinone-3.29/ns-3.29/build'
Build commands will be stored in build/compile_commands.json
'build' finished successfully (1.931s)

======================================
ASTRO-FANET Simulation Results
======================================
Protocol:           sba
UAVs:               20
Mobility:           gm3d
Seed:               3001
Duration:           30 s
--------------------------------------
PDR (%):            95.3737
PDR source:         app
Generated (app):    562
Delivered (app):    536
Delivered (FM):     0
Lost (FM):          0
Avg Delay (ms):     0.80597
Throughput (kbit/s):45.056
Avg AoI (ms):       971.103
Ctrl Overhead (%):  75.8696
Energy/bit (uJ):    372.604
BRR:                19164
Broadcasts:         19164
Suppressed:         652
Data receptions:    171678
Duplicate rx:       161558
Redundancy RR (%):  94.1052
Saved rebcast SP(%):0
Path length BL:     0.15717
Emergency fwd:      761
Emergency supp:     0
Emergency ENSR (%): 100
Byzantine drops:    538
Total energy (J):   503.641
Byz fraction:       0.1
======================================

