Waf: Entering directory `/home/runner/work/astro-fanet-artifact/astro-fanet-artifact/ns-allinone-3.29/ns-3.29/build'
Waf: Leaving directory `/home/runner/work/astro-fanet-artifact/astro-fanet-artifact/ns-allinone-3.29/ns-3.29/build'
Build commands will be stored in build/compile_commands.json
'build' finished successfully (2.547s)

======================================
ASTRO-FANET Simulation Results
======================================
Protocol:           sf
UAVs:               20
Mobility:           rpgm
Seed:               3004
Duration:           30 s
--------------------------------------
PDR (%):            94.8542
PDR source:         app
Generated (app):    583
Delivered (app):    553
Delivered (FM):     0
Lost (FM):          0
Avg Delay (ms):     0.831826
Throughput (kbit/s):48.4693
Avg AoI (ms):       944.614
Ctrl Overhead (%):  74.3429
Energy/bit (uJ):    345.106
BRR:                21208
Broadcasts:         21208
Suppressed:         635
Data receptions:    157416
Duplicate rx:       146812
Redundancy RR (%):  93.2637
Saved rebcast SP(%):0
Path length BL:     0.129291
Emergency fwd:      1040
Emergency supp:     0
Emergency ENSR (%): 100
Byzantine drops:    0
Total energy (J):   501.812
Byz fraction:       0
======================================

