Waf: Entering directory `/home/runner/work/astro-fanet-artifact/astro-fanet-artifact/ns-allinone-3.29/ns-3.29/build'
Waf: Leaving directory `/home/runner/work/astro-fanet-artifact/astro-fanet-artifact/ns-allinone-3.29/ns-3.29/build'
Build commands will be stored in build/compile_commands.json
'build' finished successfully (2.526s)

======================================
ASTRO-FANET Simulation Results
======================================
Protocol:           sf
UAVs:               10
Mobility:           gm3d
Seed:               3001
Duration:           30 s
--------------------------------------
PDR (%):            96.124
PDR source:         app
Generated (app):    258
Delivered (app):    248
Delivered (FM):     0
Lost (FM):          0
Avg Delay (ms):     0.245968
Throughput (kbit/s):22.6987
Avg AoI (ms):       1037.13
Ctrl Overhead (%):  76.0218
Energy/bit (uJ):    364.113
BRR:                4500
Broadcasts:         4500
Suppressed:         340
Data receptions:    30938
Duplicate rx:       28688
Redundancy RR (%):  92.7274
Saved rebcast SP(%):0
Path length BL:     0.168
Emergency fwd:      190
Emergency supp:     0
Emergency ENSR (%): 100
Byzantine drops:    0
Total energy (J):   247.947
Byz fraction:       0
======================================

