Waf: Entering directory `/home/runner/work/astro-fanet-artifact/astro-fanet-artifact/ns-allinone-3.29/ns-3.29/build'
Waf: Leaving directory `/home/runner/work/astro-fanet-artifact/astro-fanet-artifact/ns-allinone-3.29/ns-3.29/build'
Build commands will be stored in build/compile_commands.json
'build' finished successfully (1.967s)

======================================
ASTRO-FANET Simulation Results
======================================
Protocol:           pr
UAVs:               10
Mobility:           gm3d
Seed:               3001
Duration:           30 s
--------------------------------------
PDR (%):            100
PDR source:         app
Generated (app):    258
Delivered (app):    258
Delivered (FM):     237
Lost (FM):          0
Avg Delay (ms):     9.07364
Throughput (kbit/s):23.4667
Avg AoI (ms):       1033.07
Ctrl Overhead (%):  76.0218
Energy/bit (uJ):    350.559
BRR:                228
Broadcasts:         228
Suppressed:         426
Data receptions:    16119
Duplicate rx:       15919
Redundancy RR (%):  98.7592
Saved rebcast SP(%):43
Path length BL:     0.824561
Emergency fwd:      114
Emergency supp:     86
Emergency ENSR (%): 57
Total energy (J):   246.793
Byz fraction:       0
======================================

