Waf: Entering directory `/home/runner/work/astro-fanet-artifact/astro-fanet-artifact/ns-allinone-3.29/ns-3.29/build'
Waf: Leaving directory `/home/runner/work/astro-fanet-artifact/astro-fanet-artifact/ns-allinone-3.29/ns-3.29/build'
Build commands will be stored in build/compile_commands.json
'build' finished successfully (2.003s)

======================================
ASTRO-FANET Simulation Results
======================================
Protocol:           cb
UAVs:               20
Mobility:           gm3d
Seed:               3004
Duration:           30 s
--------------------------------------
PDR (%):            96.3087
PDR source:         app
Generated (app):    596
Delivered (app):    574
Delivered (FM):     0
Lost (FM):          0
Avg Delay (ms):     0.109756
Throughput (kbit/s):49.2373
Avg AoI (ms):       928.202
Ctrl Overhead (%):  74.4191
Energy/bit (uJ):    337.624
BRR:                4470
Broadcasts:         4470
Suppressed:         8326
Data receptions:    111701
Duplicate rx:       100721
Redundancy RR (%):  90.1702
Saved rebcast SP(%):77.4743
Path length BL:     0.110962
Emergency fwd:      154
Emergency supp:     814
Emergency ENSR (%): 15.9091
Byzantine drops:    1058
Total energy (J):   498.711
Byz fraction:       0.2
======================================

