Waf: Entering directory `/home/runner/work/astro-fanet-artifact/astro-fanet-artifact/ns-allinone-3.29/ns-3.29/build'
Waf: Leaving directory `/home/runner/work/astro-fanet-artifact/astro-fanet-artifact/ns-allinone-3.29/ns-3.29/build'
Build commands will be stored in build/compile_commands.json
'build' finished successfully (2.489s)

======================================
ASTRO-FANET Simulation Results
======================================
Protocol:           pr
UAVs:               10
Mobility:           gm3d
Seed:               3001
Duration:           30 s
--------------------------------------
PDR (%):            95.7364
PDR source:         app
Generated (app):    258
Delivered (app):    247
Delivered (FM):     0
Lost (FM):          0
Avg Delay (ms):     0.121457
Throughput (kbit/s):22.5621
Avg AoI (ms):       1041.51
Ctrl Overhead (%):  76.0218
Energy/bit (uJ):    365.922
BRR:                2578
Broadcasts:         2578
Suppressed:         1291
Data receptions:    27339
Duplicate rx:       25099
Redundancy RR (%):  91.8066
Saved rebcast SP(%):42.4554
Path length BL:     0.167572
Emergency fwd:      111
Emergency supp:     79
Emergency ENSR (%): 58.4211
Byzantine drops:    0
Total energy (J):   247.679
Byz fraction:       0
======================================

