Waf: Entering directory `/home/runner/work/astro-fanet-artifact/astro-fanet-artifact/ns-allinone-3.29/ns-3.29/build'
Waf: Leaving directory `/home/runner/work/astro-fanet-artifact/astro-fanet-artifact/ns-allinone-3.29/ns-3.29/build'
Build commands will be stored in build/compile_commands.json
'build' finished successfully (2.559s)

======================================
ASTRO-FANET Simulation Results
======================================
Protocol:           astro
UAVs:               20
Mobility:           rpgm
Seed:               3005
Duration:           30 s
--------------------------------------
PDR (%):            94.3686
PDR source:         app
Generated (app):    586
Delivered (app):    553
Delivered (FM):     0
Lost (FM):          0
Avg Delay (ms):     0.949367
Throughput (kbit/s):47.4624
Avg AoI (ms):       946.368
Ctrl Overhead (%):  74.6996
Energy/bit (uJ):    352.406
BRR:                20838
Broadcasts:         20838
Suppressed:         689
Data receptions:    159842
Duplicate rx:       149374
Redundancy RR (%):  93.451
Saved rebcast SP(%):0.468093
Path length BL:     0.115558
Emergency fwd:      1400
Emergency supp:     0
Emergency ENSR (%): 100
Byzantine drops:    0
Total energy (J):   501.781
Byz fraction:       0
======================================

