Waf: Entering directory `/home/runner/work/astro-fanet-artifact/astro-fanet-artifact/ns-allinone-3.29/ns-3.29/build'
Waf: Leaving directory `/home/runner/work/astro-fanet-artifact/astro-fanet-artifact/ns-allinone-3.29/ns-3.29/build'
Build commands will be stored in build/compile_commands.json
'build' finished successfully (1.974s)

======================================
ASTRO-FANET Simulation Results
======================================
Protocol:           sf
UAVs:               10
Mobility:           rpgm
Seed:               3005
Duration:           30 s
--------------------------------------
PDR (%):            64.5614
PDR source:         app
Generated (app):    285
Delivered (app):    184
Delivered (FM):     155
Lost (FM):          80
Avg Delay (ms):     0.222826
Throughput (kbit/s):14.3701
Avg AoI (ms):       1115.9
Ctrl Overhead (%):  76.1413
Energy/bit (uJ):    572.365
BRR:                540
Broadcasts:         540
Suppressed:         342
Data receptions:    17133
Duplicate rx:       16863
Redundancy RR (%):  98.4241
Saved rebcast SP(%):0
Path length BL:     0.433333
Emergency fwd:      270
Emergency supp:     0
Emergency ENSR (%): 100
Total energy (J):   246.749
Byz fraction:       0
======================================

