Waf: Entering directory `/home/runner/work/astro-fanet-artifact/astro-fanet-artifact/ns-allinone-3.29/ns-3.29/build'
Waf: Leaving directory `/home/runner/work/astro-fanet-artifact/astro-fanet-artifact/ns-allinone-3.29/ns-3.29/build'
Build commands will be stored in build/compile_commands.json
'build' finished successfully (1.986s)

======================================
ASTRO-FANET Simulation Results
======================================
Protocol:           pr
UAVs:               10
Mobility:           gm3d
Seed:               3005
Duration:           30 s
--------------------------------------
PDR (%):            81.3433
PDR source:         app
Generated (app):    268
Delivered (app):    218
Delivered (FM):     190
Lost (FM):          39
Avg Delay (ms):     0.284404
Throughput (kbit/s):19.1829
Avg AoI (ms):       1083.6
Ctrl Overhead (%):  75.863
Energy/bit (uJ):    428.797
BRR:                330
Broadcasts:         330
Suppressed:         449
Data receptions:    16521
Duplicate rx:       16241
Redundancy RR (%):  98.3052
Saved rebcast SP(%):41.0714
Path length BL:     0.709091
Emergency fwd:      165
Emergency supp:     115
Emergency ENSR (%): 58.9286
Total energy (J):   246.767
Byz fraction:       0
======================================

