Waf: Entering directory `/home/runner/work/astro-fanet-artifact/astro-fanet-artifact/ns-allinone-3.29/ns-3.29/build'
Waf: Leaving directory `/home/runner/work/astro-fanet-artifact/astro-fanet-artifact/ns-allinone-3.29/ns-3.29/build'
Build commands will be stored in build/compile_commands.json
'build' finished successfully (2.545s)

======================================
ASTRO-FANET Simulation Results
======================================
Protocol:           sf
UAVs:               20
Mobility:           rpgm
Seed:               3003
Duration:           30 s
--------------------------------------
PDR (%):            94.4637
PDR source:         app
Generated (app):    578
Delivered (app):    546
Delivered (FM):     0
Lost (FM):          0
Avg Delay (ms):     1.07692
Throughput (kbit/s):47.8891
Avg AoI (ms):       948.298
Ctrl Overhead (%):  74.8021
Energy/bit (uJ):    349.363
BRR:                21080
Broadcasts:         21080
Suppressed:         628
Data receptions:    159179
Duplicate rx:       148639
Redundancy RR (%):  93.3785
Saved rebcast SP(%):0
Path length BL:     0.111575
Emergency fwd:      1100
Emergency supp:     0
Emergency ENSR (%): 100
Byzantine drops:    0
Total energy (J):   501.92
Byz fraction:       0
======================================

