Waf: Entering directory `/home/runner/work/astro-fanet-artifact/astro-fanet-artifact/ns-allinone-3.29/ns-3.29/build'
Waf: Leaving directory `/home/runner/work/astro-fanet-artifact/astro-fanet-artifact/ns-allinone-3.29/ns-3.29/build'
Build commands will be stored in build/compile_commands.json
'build' finished successfully (1.946s)

======================================
ASTRO-FANET Simulation Results
======================================
Protocol:           astro
UAVs:               20
Mobility:           rpgm
Seed:               3004
Duration:           30 s
--------------------------------------
PDR (%):            95.3448
PDR source:         app
Generated (app):    580
Delivered (app):    553
Delivered (FM):     0
Lost (FM):          0
Avg Delay (ms):     1.01989
Throughput (kbit/s):48.2987
Avg AoI (ms):       937.253
Ctrl Overhead (%):  74.5527
Energy/bit (uJ):    346.231
BRR:                20152
Broadcasts:         20152
Suppressed:         685
Data receptions:    155254
Duplicate rx:       144634
Redundancy RR (%):  93.1596
Saved rebcast SP(%):0.493778
Path length BL:     0.143708
Emergency fwd:      1055
Emergency supp:     0
Emergency ENSR (%): 100
Byzantine drops:    494
Total energy (J):   501.675
Byz fraction:       0.1
======================================

