Waf: Entering directory `/home/runner/work/astro-fanet-artifact/astro-fanet-artifact/ns-allinone-3.29/ns-3.29/build'
Waf: Leaving directory `/home/runner/work/astro-fanet-artifact/astro-fanet-artifact/ns-allinone-3.29/ns-3.29/build'
Build commands will be stored in build/compile_commands.json
'build' finished successfully (1.970s)

======================================
ASTRO-FANET Simulation Results
======================================
Protocol:           astro
UAVs:               20
Mobility:           rpgm
Seed:               3002
Duration:           30 s
--------------------------------------
PDR (%):            94.7099
PDR source:         app
Generated (app):    586
Delivered (app):    555
Delivered (FM):     0
Lost (FM):          0
Avg Delay (ms):     0.958559
Throughput (kbit/s):46.7968
Avg AoI (ms):       939.736
Ctrl Overhead (%):  75.1373
Energy/bit (uJ):    357.272
BRR:                18946
Broadcasts:         18946
Suppressed:         686
Data receptions:    156719
Duplicate rx:       146116
Redundancy RR (%):  93.2344
Saved rebcast SP(%):0.493697
Path length BL:     0.128998
Emergency fwd:      790
Emergency supp:     0
Emergency ENSR (%): 100
Byzantine drops:    1083
Total energy (J):   501.575
Byz fraction:       0.2
======================================

