Waf: Entering directory `/home/runner/work/astro-fanet-artifact/astro-fanet-artifact/ns-allinone-3.29/ns-3.29/build'
Waf: Leaving directory `/home/runner/work/astro-fanet-artifact/astro-fanet-artifact/ns-allinone-3.29/ns-3.29/build'
Build commands will be stored in build/compile_commands.json
'build' finished successfully (1.955s)

======================================
ASTRO-FANET Simulation Results
======================================
Protocol:           astro
UAVs:               20
Mobility:           gm3d
Seed:               3003
Duration:           30 s
--------------------------------------
PDR (%):            48.8656
PDR source:         app
Generated (app):    573
Delivered (app):    280
Delivered (FM):     0
Lost (FM):          0
Avg Delay (ms):     0.321429
Throughput (kbit/s):23.2619
Avg AoI (ms):       1431.65
Ctrl Overhead (%):  74.5591
Energy/bit (uJ):    709.19
BRR:                1960
Broadcasts:         1960
Suppressed:         640
Data receptions:    65968
Duplicate rx:       64988
Redundancy RR (%):  98.5144
Saved rebcast SP(%):0
Path length BL:     0.432653
Emergency fwd:      980
Emergency supp:     0
Emergency ENSR (%): 100
Total energy (J):   494.912
Byz fraction:       0
======================================

