Waf: Entering directory `/home/runner/work/astro-fanet-artifact/astro-fanet-artifact/ns-allinone-3.29/ns-3.29/build'
Waf: Leaving directory `/home/runner/work/astro-fanet-artifact/astro-fanet-artifact/ns-allinone-3.29/ns-3.29/build'
Build commands will be stored in build/compile_commands.json
'build' finished successfully (2.536s)

======================================
ASTRO-FANET Simulation Results
======================================
Protocol:           astro
UAVs:               20
Mobility:           gm3d
Seed:               3003
Duration:           30 s
--------------------------------------
PDR (%):            93.5428
PDR source:         app
Generated (app):    573
Delivered (app):    536
Delivered (FM):     0
Lost (FM):          0
Avg Delay (ms):     0.80597
Throughput (kbit/s):47.36
Avg AoI (ms):       968.198
Ctrl Overhead (%):  74.5591
Energy/bit (uJ):    353.043
BRR:                20322
Broadcasts:         20322
Suppressed:         663
Data receptions:    156623
Duplicate rx:       146439
Redundancy RR (%):  93.4978
Saved rebcast SP(%):0.225844
Path length BL:     0.124889
Emergency fwd:      900
Emergency supp:     0
Emergency ENSR (%): 100
Byzantine drops:    0
Total energy (J):   501.604
Byz fraction:       0
======================================

