Waf: Entering directory `/home/runner/work/astro-fanet-artifact/astro-fanet-artifact/ns-allinone-3.29/ns-3.29/build'
Waf: Leaving directory `/home/runner/work/astro-fanet-artifact/astro-fanet-artifact/ns-allinone-3.29/ns-3.29/build'
Build commands will be stored in build/compile_commands.json
'build' finished successfully (1.973s)

======================================
ASTRO-FANET Simulation Results
======================================
Protocol:           sba
UAVs:               20
Mobility:           rpgm
Seed:               3003
Duration:           30 s
--------------------------------------
PDR (%):            65.0519
PDR source:         app
Generated (app):    578
Delivered (app):    376
Delivered (FM):     0
Lost (FM):          0
Avg Delay (ms):     0.792553
Throughput (kbit/s):31.4709
Avg AoI (ms):       1078.43
Ctrl Overhead (%):  74.8021
Energy/bit (uJ):    524.501
BRR:                2328
Broadcasts:         2328
Suppressed:         628
Data receptions:    66880
Duplicate rx:       65716
Redundancy RR (%):  98.2596
Saved rebcast SP(%):0
Path length BL:     0.214777
Emergency fwd:      1164
Emergency supp:     0
Emergency ENSR (%): 100
Total energy (J):   495.196
Byz fraction:       0
======================================

