Waf: Entering directory `/home/runner/work/astro-fanet-artifact/astro-fanet-artifact/ns-allinone-3.29/ns-3.29/build'
Waf: Leaving directory `/home/runner/work/astro-fanet-artifact/astro-fanet-artifact/ns-allinone-3.29/ns-3.29/build'
Build commands will be stored in build/compile_commands.json
'build' finished successfully (2.554s)

======================================
ASTRO-FANET Simulation Results
======================================
Protocol:           sf
UAVs:               20
Mobility:           gm3d
Seed:               3001
Duration:           30 s
--------------------------------------
PDR (%):            94.9731
PDR source:         app
Generated (app):    557
Delivered (app):    529
Delivered (FM):     0
Lost (FM):          0
Avg Delay (ms):     0.858223
Throughput (kbit/s):46.2165
Avg AoI (ms):       985.312
Ctrl Overhead (%):  75.3973
Energy/bit (uJ):    361.689
BRR:                20480
Broadcasts:         20480
Suppressed:         652
Data receptions:    154935
Duplicate rx:       144695
Redundancy RR (%):  93.3908
Saved rebcast SP(%):0
Path length BL:     0.163574
Emergency fwd:      920
Emergency supp:     0
Emergency ENSR (%): 100
Byzantine drops:    0
Total energy (J):   501.48
Byz fraction:       0
======================================

