Waf: Entering directory `/home/runner/work/astro-fanet-artifact/astro-fanet-artifact/ns-allinone-3.29/ns-3.29/build'
Waf: Leaving directory `/home/runner/work/astro-fanet-artifact/astro-fanet-artifact/ns-allinone-3.29/ns-3.29/build'
Build commands will be stored in build/compile_commands.json
'build' finished successfully (2.539s)

======================================
ASTRO-FANET Simulation Results
======================================
Protocol:           sba
UAVs:               10
Mobility:           gm3d
Seed:               3003
Duration:           30 s
--------------------------------------
PDR (%):            96.2329
PDR source:         app
Generated (app):    292
Delivered (app):    281
Delivered (FM):     0
Lost (FM):          0
Avg Delay (ms):     0.0604982
Throughput (kbit/s):24.7808
Avg AoI (ms):       901.446
Ctrl Overhead (%):  74.3746
Energy/bit (uJ):    334.187
BRR:                4998
Broadcasts:         4998
Suppressed:         334
Data receptions:    35102
Duplicate rx:       32602
Redundancy RR (%):  92.8779
Saved rebcast SP(%):0.04
Path length BL:     0.142457
Emergency fwd:      259
Emergency supp:     1
Emergency ENSR (%): 99.6154
Byzantine drops:    0
Total energy (J):   248.443
Byz fraction:       0
======================================

