Waf: Entering directory `/home/runner/work/astro-fanet-artifact/astro-fanet-artifact/ns-allinone-3.29/ns-3.29/build'
Waf: Leaving directory `/home/runner/work/astro-fanet-artifact/astro-fanet-artifact/ns-allinone-3.29/ns-3.29/build'
Build commands will be stored in build/compile_commands.json
'build' finished successfully (1.942s)

======================================
ASTRO-FANET Simulation Results
======================================
Protocol:           sba
UAVs:               20
Mobility:           gm3d
Seed:               3005
Duration:           30 s
--------------------------------------
PDR (%):            94.1489
PDR source:         app
Generated (app):    564
Delivered (app):    531
Delivered (FM):     0
Lost (FM):          0
Avg Delay (ms):     0.873823
Throughput (kbit/s):46.6261
Avg AoI (ms):       978.589
Ctrl Overhead (%):  75.2086
Energy/bit (uJ):    360.342
BRR:                19382
Broadcasts:         19382
Suppressed:         648
Data receptions:    177679
Duplicate rx:       167478
Redundancy RR (%):  94.2587
Saved rebcast SP(%):0.0103178
Path length BL:     0.147972
Emergency fwd:      1105
Emergency supp:     1
Emergency ENSR (%): 99.9096
Byzantine drops:    509
Total energy (J):   504.041
Byz fraction:       0.1
======================================

