Waf: Entering directory `/tmp/reference/ns-allinone-3.29/ns-3.29/build'
Waf: Leaving directory `/tmp/reference/ns-allinone-3.29/ns-3.29/build'
Build commands will be stored in build/compile_commands.json
'build' finished successfully (1.732s)

======================================
ASTRO-FANET Simulation Results
======================================
Protocol:           astro
UAVs:               20
Mobility:           rpgm
Seed:               3002
Duration:           30 s
--------------------------------------
PDR (%):            66.9776
PDR source:         app
Generated (app):    536
Delivered (app):    359
Delivered (FM):     0
Lost (FM):          0
Avg Delay (ms):     3.28412
Throughput (kbit/s):29.5083
Avg AoI (ms):       1300.59
Ctrl Overhead (%):  76.8053
Energy/bit (uJ):    559.493
BRR:                2040
Broadcasts:         2040
Suppressed:         630
Total energy (J):   495.29
Byz fraction:       0
======================================

