Waf: Entering directory `/home/runner/work/astro-fanet-artifact/astro-fanet-artifact/ns-allinone-3.29/ns-3.29/build'
Waf: Leaving directory `/home/runner/work/astro-fanet-artifact/astro-fanet-artifact/ns-allinone-3.29/ns-3.29/build'
Build commands will be stored in build/compile_commands.json
'build' finished successfully (2.496s)

======================================
ASTRO-FANET Simulation Results
======================================
Protocol:           cb
UAVs:               20
Mobility:           gm3d
Seed:               3005
Duration:           30 s
--------------------------------------
PDR (%):            96.0377
PDR source:         app
Generated (app):    530
Delivered (app):    509
Delivered (FM):     0
Lost (FM):          0
Avg Delay (ms):     0.194499
Throughput (kbit/s):44.7317
Avg AoI (ms):       1034.91
Ctrl Overhead (%):  76.2612
Energy/bit (uJ):    371.392
BRR:                4226
Broadcasts:         4226
Suppressed:         8134
Data receptions:    106586
Duplicate rx:       96986
Redundancy RR (%):  90.9932
Saved rebcast SP(%):77.9896
Path length BL:     0.109323
Emergency fwd:      134
Emergency supp:     806
Emergency ENSR (%): 14.2553
Byzantine drops:    0
Total energy (J):   498.39
Byz fraction:       0
======================================

