Waf: Entering directory `/home/runner/work/astro-fanet-artifact/astro-fanet-artifact/ns-allinone-3.29/ns-3.29/build'
Waf: Leaving directory `/home/runner/work/astro-fanet-artifact/astro-fanet-artifact/ns-allinone-3.29/ns-3.29/build'
Build commands will be stored in build/compile_commands.json
'build' finished successfully (2.547s)

======================================
ASTRO-FANET Simulation Results
======================================
Protocol:           astro
UAVs:               20
Mobility:           gm3d
Seed:               3002
Duration:           30 s
--------------------------------------
PDR (%):            94.3715
PDR source:         app
Generated (app):    533
Delivered (app):    503
Delivered (FM):     0
Lost (FM):          0
Avg Delay (ms):     0.705765
Throughput (kbit/s):42.2571
Avg AoI (ms):       1025.35
Ctrl Overhead (%):  76.8324
Energy/bit (uJ):    395.388
BRR:                19418
Broadcasts:         19418
Suppressed:         653
Data receptions:    157372
Duplicate rx:       147648
Redundancy RR (%):  93.821
Saved rebcast SP(%):0.154258
Path length BL:     0.150479
Emergency fwd:      980
Emergency supp:     0
Emergency ENSR (%): 100
Byzantine drops:    0
Total energy (J):   501.239
Byz fraction:       0
======================================

