Waf: Entering directory `/home/runner/work/astro-fanet-artifact/astro-fanet-artifact/ns-allinone-3.29/ns-3.29/build'
Waf: Leaving directory `/home/runner/work/astro-fanet-artifact/astro-fanet-artifact/ns-allinone-3.29/ns-3.29/build'
Build commands will be stored in build/compile_commands.json
'build' finished successfully (2.487s)

======================================
ASTRO-FANET Simulation Results
======================================
Protocol:           sf
UAVs:               10
Mobility:           gm3d
Seed:               3005
Duration:           30 s
--------------------------------------
PDR (%):            95.8955
PDR source:         app
Generated (app):    268
Delivered (app):    257
Delivered (FM):     0
Lost (FM):          0
Avg Delay (ms):     0.159533
Throughput (kbit/s):22.6987
Avg AoI (ms):       1004.11
Ctrl Overhead (%):  75.863
Energy/bit (uJ):    364.212
BRR:                4660
Broadcasts:         4660
Suppressed:         334
Data receptions:    31708
Duplicate rx:       29378
Redundancy RR (%):  92.6517
Saved rebcast SP(%):0
Path length BL:     0.190129
Emergency fwd:      260
Emergency supp:     0
Emergency ENSR (%): 100
Byzantine drops:    0
Total energy (J):   248.014
Byz fraction:       0
======================================

