Waf: Entering directory `/home/runner/work/astro-fanet-artifact/astro-fanet-artifact/ns-allinone-3.29/ns-3.29/build'
Waf: Leaving directory `/home/runner/work/astro-fanet-artifact/astro-fanet-artifact/ns-allinone-3.29/ns-3.29/build'
Build commands will be stored in build/compile_commands.json
'build' finished successfully (2.535s)

======================================
ASTRO-FANET Simulation Results
======================================
Protocol:           sf
UAVs:               20
Mobility:           rpgm
Seed:               3001
Duration:           30 s
--------------------------------------
PDR (%):            94.8673
PDR source:         app
Generated (app):    565
Delivered (app):    536
Delivered (FM):     0
Lost (FM):          0
Avg Delay (ms):     1.09328
Throughput (kbit/s):44.2197
Avg AoI (ms):       967.789
Ctrl Overhead (%):  76.3413
Energy/bit (uJ):    377.689
BRR:                20416
Broadcasts:         20416
Suppressed:         635
Data receptions:    151599
Duplicate rx:       141391
Redundancy RR (%):  93.2664
Saved rebcast SP(%):0
Path length BL:     0.159091
Emergency fwd:      1220
Emergency supp:     0
Emergency ENSR (%): 100
Byzantine drops:    0
Total energy (J):   501.04
Byz fraction:       0
======================================

