Waf: Entering directory `/home/runner/work/astro-fanet-artifact/astro-fanet-artifact/ns-allinone-3.29/ns-3.29/build'
Waf: Leaving directory `/home/runner/work/astro-fanet-artifact/astro-fanet-artifact/ns-allinone-3.29/ns-3.29/build'
Build commands will be stored in build/compile_commands.json
'build' finished successfully (1.948s)

======================================
ASTRO-FANET Simulation Results
======================================
Protocol:           astro
UAVs:               20
Mobility:           rpgm
Seed:               3003
Duration:           30 s
--------------------------------------
PDR (%):            55.8824
PDR source:         app
Generated (app):    578
Delivered (app):    323
Delivered (FM):     0
Lost (FM):          0
Avg Delay (ms):     0.560372
Throughput (kbit/s):25.3611
Avg AoI (ms):       1246.65
Ctrl Overhead (%):  74.8021
Energy/bit (uJ):    650.683
BRR:                2328
Broadcasts:         2328
Suppressed:         628
Data receptions:    66639
Duplicate rx:       65475
Redundancy RR (%):  98.2533
Saved rebcast SP(%):0
Path length BL:     0.216495
Emergency fwd:      1164
Emergency supp:     0
Emergency ENSR (%): 100
Total energy (J):   495.061
Byz fraction:       0
======================================

