Waf: Entering directory `/home/runner/work/astro-fanet-artifact/astro-fanet-artifact/ns-allinone-3.29/ns-3.29/build'
Waf: Leaving directory `/home/runner/work/astro-fanet-artifact/astro-fanet-artifact/ns-allinone-3.29/ns-3.29/build'
Build commands will be stored in build/compile_commands.json
'build' finished successfully (1.980s)

======================================
ASTRO-FANET Simulation Results
======================================
Protocol:           pr
UAVs:               10
Mobility:           gm3d
Seed:               3002
Duration:           30 s
--------------------------------------
PDR (%):            59.4488
PDR source:         app
Generated (app):    254
Delivered (app):    151
Delivered (FM):     132
Lost (FM):          63
Avg Delay (ms):     0.271523
Throughput (kbit/s):12.3392
Avg AoI (ms):       1318.32
Ctrl Overhead (%):  76.8934
Energy/bit (uJ):    666.441
BRR:                208
Broadcasts:         208
Suppressed:         433
Data receptions:    16011
Duplicate rx:       15810
Redundancy RR (%):  98.7446
Saved rebcast SP(%):48.2587
Path length BL:     0.451923
Emergency fwd:      104
Emergency supp:     97
Emergency ENSR (%): 51.7413
Total energy (J):   246.701
Byz fraction:       0
======================================

