Waf: Entering directory `/home/runner/work/astro-fanet-artifact/astro-fanet-artifact/ns-allinone-3.29/ns-3.29/build'
Waf: Leaving directory `/home/runner/work/astro-fanet-artifact/astro-fanet-artifact/ns-allinone-3.29/ns-3.29/build'
Build commands will be stored in build/compile_commands.json
'build' finished successfully (2.555s)

======================================
ASTRO-FANET Simulation Results
======================================
Protocol:           cb
UAVs:               20
Mobility:           rpgm
Seed:               3004
Duration:           30 s
--------------------------------------
PDR (%):            96.2264
PDR source:         app
Generated (app):    583
Delivered (app):    561
Delivered (FM):     0
Lost (FM):          0
Avg Delay (ms):     0.194296
Throughput (kbit/s):49.3056
Avg AoI (ms):       931.057
Ctrl Overhead (%):  74.3429
Energy/bit (uJ):    336.923
BRR:                4832
Broadcasts:         4832
Suppressed:         8959
Data receptions:    104392
Duplicate rx:       93652
Redundancy RR (%):  89.7119
Saved rebcast SP(%):77.5047
Path length BL:     0.121689
Emergency fwd:      164
Emergency supp:     876
Emergency ENSR (%): 15.7692
Byzantine drops:    0
Total energy (J):   498.366
Byz fraction:       0
======================================

