Waf: Entering directory `/home/runner/work/astro-fanet-artifact/astro-fanet-artifact/ns-allinone-3.29/ns-3.29/build'
Waf: Leaving directory `/home/runner/work/astro-fanet-artifact/astro-fanet-artifact/ns-allinone-3.29/ns-3.29/build'
Build commands will be stored in build/compile_commands.json
'build' finished successfully (1.951s)

======================================
ASTRO-FANET Simulation Results
======================================
Protocol:           astro
UAVs:               20
Mobility:           gm3d
Seed:               3005
Duration:           30 s
--------------------------------------
PDR (%):            39.8113
PDR source:         app
Generated (app):    530
Delivered (app):    211
Delivered (FM):     0
Lost (FM):          0
Avg Delay (ms):     0.483412
Throughput (kbit/s):17.1691
Avg AoI (ms):       1386.86
Ctrl Overhead (%):  76.2612
Energy/bit (uJ):    961.116
BRR:                1960
Broadcasts:         1960
Suppressed:         647
Data receptions:    69773
Duplicate rx:       68793
Redundancy RR (%):  98.5954
Saved rebcast SP(%):0
Path length BL:     0.565306
Emergency fwd:      980
Emergency supp:     0
Emergency ENSR (%): 100
Total energy (J):   495.044
Byz fraction:       0
======================================

