Waf: Entering directory `/home/runner/work/astro-fanet-artifact/astro-fanet-artifact/ns-allinone-3.29/ns-3.29/build'
Waf: Leaving directory `/home/runner/work/astro-fanet-artifact/astro-fanet-artifact/ns-allinone-3.29/ns-3.29/build'
Build commands will be stored in build/compile_commands.json
'build' finished successfully (1.977s)

======================================
ASTRO-FANET Simulation Results
======================================
Protocol:           cb
UAVs:               10
Mobility:           gm3d
Seed:               3002
Duration:           30 s
--------------------------------------
PDR (%):            64.9606
PDR source:         app
Generated (app):    254
Delivered (app):    165
Delivered (FM):     145
Lost (FM):          62
Avg Delay (ms):     0.29697
Throughput (kbit/s):14.1312
Avg AoI (ms):       1235.36
Ctrl Overhead (%):  76.8934
Energy/bit (uJ):    581.936
BRR:                112
Broadcasts:         112
Suppressed:         490
Data receptions:    15764
Duplicate rx:       15554
Redundancy RR (%):  98.6679
Saved rebcast SP(%):73.3333
Path length BL:     0.75
Emergency fwd:      56
Emergency supp:     154
Emergency ENSR (%): 26.6667
Total energy (J):   246.704
Byz fraction:       0
======================================

