Waf: Entering directory `/home/runner/work/astro-fanet-artifact/astro-fanet-artifact/ns-allinone-3.29/ns-3.29/build'
Waf: Leaving directory `/home/runner/work/astro-fanet-artifact/astro-fanet-artifact/ns-allinone-3.29/ns-3.29/build'
Build commands will be stored in build/compile_commands.json
'build' finished successfully (2.542s)

======================================
ASTRO-FANET Simulation Results
======================================
Protocol:           astro
UAVs:               20
Mobility:           gm3d
Seed:               3001
Duration:           30 s
--------------------------------------
PDR (%):            94.614
PDR source:         app
Generated (app):    557
Delivered (app):    527
Delivered (FM):     0
Lost (FM):          0
Avg Delay (ms):     0.817837
Throughput (kbit/s):45.568
Avg AoI (ms):       989.578
Ctrl Overhead (%):  75.3973
Energy/bit (uJ):    366.731
BRR:                20366
Broadcasts:         20366
Suppressed:         670
Data receptions:    154192
Duplicate rx:       143991
Redundancy RR (%):  93.3842
Saved rebcast SP(%):0.176453
Path length BL:     0.161249
Emergency fwd:      900
Emergency supp:     0
Emergency ENSR (%): 100
Byzantine drops:    0
Total energy (J):   501.336
Byz fraction:       0
======================================

