Waf: Entering directory `/home/runner/work/astro-fanet-artifact/astro-fanet-artifact/ns-allinone-3.29/ns-3.29/build'
Waf: Leaving directory `/home/runner/work/astro-fanet-artifact/astro-fanet-artifact/ns-allinone-3.29/ns-3.29/build'
Build commands will be stored in build/compile_commands.json
'build' finished successfully (1.787s)

======================================
ASTRO-FANET Simulation Results
======================================
Protocol:           astro
UAVs:               20
Mobility:           rpgm
Seed:               3002
Duration:           30 s
--------------------------------------
PDR (%):            56.1567
PDR source:         app
Generated (app):    536
Delivered (app):    301
Delivered (FM):     0
Lost (FM):          0
Avg Delay (ms):     6.22924
Throughput (kbit/s):23.9616
Avg AoI (ms):       1298.17
Ctrl Overhead (%):  76.8053
Energy/bit (uJ):    688.865
BRR:                2038
Broadcasts:         2038
Suppressed:         631
Total energy (J):   495.19
Byz fraction:       0
======================================

