Waf: Entering directory `/home/runner/work/astro-fanet-artifact/astro-fanet-artifact/ns-allinone-3.29/ns-3.29/build'
Waf: Leaving directory `/home/runner/work/astro-fanet-artifact/astro-fanet-artifact/ns-allinone-3.29/ns-3.29/build'
Build commands will be stored in build/compile_commands.json
'build' finished successfully (2.540s)

======================================
ASTRO-FANET Simulation Results
======================================
Protocol:           sf
UAVs:               10
Mobility:           gm3d
Seed:               3002
Duration:           30 s
--------------------------------------
PDR (%):            95.6693
PDR source:         app
Generated (app):    254
Delivered (app):    243
Delivered (FM):     0
Lost (FM):          0
Avg Delay (ms):     0.222222
Throughput (kbit/s):21.4869
Avg AoI (ms):       1079.72
Ctrl Overhead (%):  76.8934
Energy/bit (uJ):    384.639
BRR:                4500
Broadcasts:         4500
Suppressed:         336
Data receptions:    30970
Duplicate rx:       28720
Redundancy RR (%):  92.7349
Saved rebcast SP(%):0
Path length BL:     0.152
Emergency fwd:      190
Emergency supp:     0
Emergency ENSR (%): 100
Byzantine drops:    0
Total energy (J):   247.941
Byz fraction:       0
======================================

