Waf: Entering directory `/home/runner/work/astro-fanet-artifact/astro-fanet-artifact/ns-allinone-3.29/ns-3.29/build'
Waf: Leaving directory `/home/runner/work/astro-fanet-artifact/astro-fanet-artifact/ns-allinone-3.29/ns-3.29/build'
Build commands will be stored in build/compile_commands.json
'build' finished successfully (2.032s)

======================================
ASTRO-FANET Simulation Results
======================================
Protocol:           pr
UAVs:               20
Mobility:           gm3d
Seed:               3002
Duration:           30 s
--------------------------------------
PDR (%):            95.3875
PDR source:         app
Generated (app):    542
Delivered (app):    517
Delivered (FM):     0
Lost (FM):          0
Avg Delay (ms):     0.516441
Throughput (kbit/s):44.5781
Avg AoI (ms):       1005.73
Ctrl Overhead (%):  76.0948
Energy/bit (uJ):    373.993
BRR:                11136
Broadcasts:         11136
Suppressed:         4424
Data receptions:    135224
Duplicate rx:       125381
Redundancy RR (%):  92.721
Saved rebcast SP(%):40.4747
Path length BL:     0.141164
Emergency fwd:      577
Emergency supp:     417
Emergency ENSR (%): 58.0483
Byzantine drops:    489
Total energy (J):   500.157
Byz fraction:       0.1
======================================

