Waf: Entering directory `/home/runner/work/astro-fanet-artifact/astro-fanet-artifact/ns-allinone-3.29/ns-3.29/build'
Waf: Leaving directory `/home/runner/work/astro-fanet-artifact/astro-fanet-artifact/ns-allinone-3.29/ns-3.29/build'
Build commands will be stored in build/compile_commands.json
'build' finished successfully (2.013s)

======================================
ASTRO-FANET Simulation Results
======================================
Protocol:           sf
UAVs:               20
Mobility:           rpgm
Seed:               3001
Duration:           30 s
--------------------------------------
PDR (%):            94.5035
PDR source:         app
Generated (app):    564
Delivered (app):    533
Delivered (FM):     0
Lost (FM):          0
Avg Delay (ms):     0.893058
Throughput (kbit/s):46.2677
Avg AoI (ms):       970.788
Ctrl Overhead (%):  75.4103
Energy/bit (uJ):    360.92
BRR:                19022
Broadcasts:         19022
Suppressed:         635
Data receptions:    146470
Duplicate rx:       136450
Redundancy RR (%):  93.159
Saved rebcast SP(%):0
Path length BL:     0.155084
Emergency fwd:      933
Emergency supp:     0
Emergency ENSR (%): 100
Byzantine drops:    509
Total energy (J):   500.968
Byz fraction:       0.1
======================================

