Waf: Entering directory `/home/runner/work/astro-fanet-artifact/astro-fanet-artifact/ns-allinone-3.29/ns-3.29/build'
Waf: Leaving directory `/home/runner/work/astro-fanet-artifact/astro-fanet-artifact/ns-allinone-3.29/ns-3.29/build'
Build commands will be stored in build/compile_commands.json
'build' finished successfully (1.988s)

======================================
ASTRO-FANET Simulation Results
======================================
Protocol:           cb
UAVs:               10
Mobility:           gm3d
Seed:               3004
Duration:           30 s
--------------------------------------
PDR (%):            38.6441
PDR source:         app
Generated (app):    295
Delivered (app):    114
Delivered (FM):     88
Lost (FM):          116
Avg Delay (ms):     0.219298
Throughput (kbit/s):8.6528
Avg AoI (ms):       1161.51
Ctrl Overhead (%):  74.9758
Energy/bit (uJ):    950.032
BRR:                120
Broadcasts:         120
Suppressed:         536
Data receptions:    15866
Duplicate rx:       15616
Redundancy RR (%):  98.4243
Saved rebcast SP(%):76
Path length BL:     1.3
Emergency fwd:      60
Emergency supp:     190
Emergency ENSR (%): 24
Total energy (J):   246.613
Byz fraction:       0
======================================

