Waf: Entering directory `/home/runner/work/astro-fanet-artifact/astro-fanet-artifact/ns-allinone-3.29/ns-3.29/build'
Waf: Leaving directory `/home/runner/work/astro-fanet-artifact/astro-fanet-artifact/ns-allinone-3.29/ns-3.29/build'
Build commands will be stored in build/compile_commands.json
'build' finished successfully (2.549s)

======================================
ASTRO-FANET Simulation Results
======================================
Protocol:           astro
UAVs:               10
Mobility:           rpgm
Seed:               3005
Duration:           30 s
--------------------------------------
PDR (%):            96.1404
PDR source:         app
Generated (app):    285
Delivered (app):    274
Delivered (FM):     0
Lost (FM):          0
Avg Delay (ms):     0.273723
Throughput (kbit/s):22.2549
Avg AoI (ms):       935.409
Ctrl Overhead (%):  76.1413
Energy/bit (uJ):    371.643
BRR:                5038
Broadcasts:         5038
Suppressed:         363
Data receptions:    33680
Duplicate rx:       31140
Redundancy RR (%):  92.4584
Saved rebcast SP(%):0.826772
Path length BL:     0.129019
Emergency fwd:      270
Emergency supp:     0
Emergency ENSR (%): 100
Byzantine drops:    0
Total energy (J):   248.127
Byz fraction:       0
======================================

