Waf: Entering directory `/home/runner/work/astro-fanet-artifact/astro-fanet-artifact/ns-allinone-3.29/ns-3.29/build'
Waf: Leaving directory `/home/runner/work/astro-fanet-artifact/astro-fanet-artifact/ns-allinone-3.29/ns-3.29/build'
Build commands will be stored in build/compile_commands.json
'build' finished successfully (1.970s)

======================================
ASTRO-FANET Simulation Results
======================================
Protocol:           sba
UAVs:               10
Mobility:           rpgm
Seed:               3004
Duration:           30 s
--------------------------------------
PDR (%):            80.6667
PDR source:         app
Generated (app):    300
Delivered (app):    242
Delivered (FM):     215
Lost (FM):          44
Avg Delay (ms):     0.289256
Throughput (kbit/s):21.4016
Avg AoI (ms):       1064.11
Ctrl Overhead (%):  73.5961
Energy/bit (uJ):    384.433
BRR:                558
Broadcasts:         558
Suppressed:         335
Data receptions:    17180
Duplicate rx:       16900
Redundancy RR (%):  98.3702
Saved rebcast SP(%):0.357143
Path length BL:     0.491039
Emergency fwd:      279
Emergency supp:     1
Emergency ENSR (%): 99.6429
Total energy (J):   246.824
Byz fraction:       0
======================================

