Waf: Entering directory `/home/runner/work/astro-fanet-artifact/astro-fanet-artifact/ns-allinone-3.29/ns-3.29/build'
Waf: Leaving directory `/home/runner/work/astro-fanet-artifact/astro-fanet-artifact/ns-allinone-3.29/ns-3.29/build'
Build commands will be stored in build/compile_commands.json
'build' finished successfully (2.513s)

======================================
ASTRO-FANET Simulation Results
======================================
Protocol:           sf
UAVs:               10
Mobility:           rpgm
Seed:               3005
Duration:           30 s
--------------------------------------
PDR (%):            95.4386
PDR source:         app
Generated (app):    285
Delivered (app):    272
Delivered (FM):     0
Lost (FM):          0
Avg Delay (ms):     0.268382
Throughput (kbit/s):22.1184
Avg AoI (ms):       942.576
Ctrl Overhead (%):  76.1413
Energy/bit (uJ):    373.929
BRR:                5040
Broadcasts:         5040
Suppressed:         342
Data receptions:    33699
Duplicate rx:       31179
Redundancy RR (%):  92.522
Saved rebcast SP(%):0
Path length BL:     0.142063
Emergency fwd:      270
Emergency supp:     0
Emergency ENSR (%): 100
Byzantine drops:    0
Total energy (J):   248.122
Byz fraction:       0
======================================

