Waf: Entering directory `/home/runner/work/astro-fanet-artifact/astro-fanet-artifact/ns-allinone-3.29/ns-3.29/build'
Waf: Leaving directory `/home/runner/work/astro-fanet-artifact/astro-fanet-artifact/ns-allinone-3.29/ns-3.29/build'
Build commands will be stored in build/compile_commands.json
'build' finished successfully (1.820s)

======================================
ASTRO-FANET Simulation Results
======================================
Protocol:           astro
UAVs:               10
Mobility:           gm3d
Seed:               3002
Duration:           30 s
--------------------------------------
PDR (%):            84.1584
PDR source:         app
Generated (app):    303
Delivered (app):    255
Delivered (FM):     215
Lost (FM):          32
Avg Delay (ms):     0.223529
Throughput (kbit/s):20.9067
Avg AoI (ms):       950.461
Ctrl Overhead (%):  74.8599
Energy/bit (uJ):    393.569
BRR:                798
Broadcasts:         798
Suppressed:         341
Total energy (J):   246.846
Byz fraction:       0
======================================

