Waf: Entering directory `/home/runner/work/astro-fanet-artifact/astro-fanet-artifact/ns-allinone-3.29/ns-3.29/build'
Waf: Leaving directory `/home/runner/work/astro-fanet-artifact/astro-fanet-artifact/ns-allinone-3.29/ns-3.29/build'
Build commands will be stored in build/compile_commands.json
'build' finished successfully (2.532s)

======================================
ASTRO-FANET Simulation Results
======================================
Protocol:           cb
UAVs:               10
Mobility:           gm3d
Seed:               3004
Duration:           30 s
--------------------------------------
PDR (%):            96.9492
PDR source:         app
Generated (app):    295
Delivered (app):    286
Delivered (FM):     0
Lost (FM):          0
Avg Delay (ms):     0.0454545
Throughput (kbit/s):23.8592
Avg AoI (ms):       901.29
Ctrl Overhead (%):  74.9758
Energy/bit (uJ):    345.716
BRR:                1432
Broadcasts:         1432
Suppressed:         2170
Data receptions:    25052
Duplicate rx:       22512
Redundancy RR (%):  89.8611
Saved rebcast SP(%):71.811
Path length BL:     0.297486
Emergency fwd:      62
Emergency supp:     188
Emergency ENSR (%): 24.8
Byzantine drops:    0
Total energy (J):   247.455
Byz fraction:       0
======================================

