Waf: Entering directory `/home/runner/work/astro-fanet-artifact/astro-fanet-artifact/ns-allinone-3.29/ns-3.29/build'
Waf: Leaving directory `/home/runner/work/astro-fanet-artifact/astro-fanet-artifact/ns-allinone-3.29/ns-3.29/build'
Build commands will be stored in build/compile_commands.json
'build' finished successfully (1.970s)

======================================
ASTRO-FANET Simulation Results
======================================
Protocol:           astro
UAVs:               20
Mobility:           gm3d
Seed:               3005
Duration:           30 s
--------------------------------------
PDR (%):            94.709
PDR source:         app
Generated (app):    567
Delivered (app):    537
Delivered (FM):     0
Lost (FM):          0
Avg Delay (ms):     0.614525
Throughput (kbit/s):45.9605
Avg AoI (ms):       968.507
Ctrl Overhead (%):  75.4168
Energy/bit (uJ):    363.562
BRR:                18384
Broadcasts:         18384
Suppressed:         670
Data receptions:    154752
Duplicate rx:       144512
Redundancy RR (%):  93.383
Saved rebcast SP(%):0.249593
Path length BL:     0.134682
Emergency fwd:      1012
Emergency supp:     0
Emergency ENSR (%): 100
Byzantine drops:    1025
Total energy (J):   501.285
Byz fraction:       0.2
======================================

