Waf: Entering directory `/home/runner/work/astro-fanet-artifact/astro-fanet-artifact/ns-allinone-3.29/ns-3.29/build'
Waf: Leaving directory `/home/runner/work/astro-fanet-artifact/astro-fanet-artifact/ns-allinone-3.29/ns-3.29/build'
Build commands will be stored in build/compile_commands.json
'build' finished successfully (1.983s)

======================================
ASTRO-FANET Simulation Results
======================================
Protocol:           sf
UAVs:               20
Mobility:           gm3d
Seed:               3003
Duration:           30 s
--------------------------------------
PDR (%):            94.4547
PDR source:         app
Generated (app):    541
Delivered (app):    511
Delivered (FM):     0
Lost (FM):          0
Avg Delay (ms):     0.747554
Throughput (kbit/s):43.4517
Avg AoI (ms):       1014.66
Ctrl Overhead (%):  76.4551
Energy/bit (uJ):    384.292
BRR:                17628
Broadcasts:         17628
Suppressed:         640
Data receptions:    150025
Duplicate rx:       140244
Redundancy RR (%):  93.4804
Saved rebcast SP(%):0
Path length BL:     0.131042
Emergency fwd:      978
Emergency supp:     0
Emergency ENSR (%): 100
Byzantine drops:    967
Total energy (J):   500.945
Byz fraction:       0.2
======================================

