Waf: Entering directory `/home/runner/work/astro-fanet-artifact/astro-fanet-artifact/ns-allinone-3.29/ns-3.29/build'
Waf: Leaving directory `/home/runner/work/astro-fanet-artifact/astro-fanet-artifact/ns-allinone-3.29/ns-3.29/build'
Build commands will be stored in build/compile_commands.json
'build' finished successfully (2.520s)

======================================
ASTRO-FANET Simulation Results
======================================
Protocol:           pr
UAVs:               20
Mobility:           rpgm
Seed:               3003
Duration:           30 s
--------------------------------------
PDR (%):            94.1176
PDR source:         app
Generated (app):    578
Delivered (app):    544
Delivered (FM):     0
Lost (FM):          0
Avg Delay (ms):     0.520221
Throughput (kbit/s):47.7696
Avg AoI (ms):       951.897
Ctrl Overhead (%):  74.8021
Energy/bit (uJ):    349.372
BRR:                12434
Broadcasts:         12434
Suppressed:         4869
Data receptions:    138505
Duplicate rx:       128047
Redundancy RR (%):  92.4494
Saved rebcast SP(%):40.5527
Path length BL:     0.0969921
Emergency fwd:      657
Emergency supp:     427
Emergency ENSR (%): 60.6089
Byzantine drops:    0
Total energy (J):   500.68
Byz fraction:       0
======================================

