Waf: Entering directory `/home/runner/work/astro-fanet-artifact/astro-fanet-artifact/ns-allinone-3.29/ns-3.29/build'
Waf: Leaving directory `/home/runner/work/astro-fanet-artifact/astro-fanet-artifact/ns-allinone-3.29/ns-3.29/build'
Build commands will be stored in build/compile_commands.json
'build' finished successfully (2.545s)

======================================
ASTRO-FANET Simulation Results
======================================
Protocol:           sba
UAVs:               10
Mobility:           rpgm
Seed:               3003
Duration:           30 s
--------------------------------------
PDR (%):            96.5157
PDR source:         app
Generated (app):    287
Delivered (app):    277
Delivered (FM):     0
Lost (FM):          0
Avg Delay (ms):     0.0938628
Throughput (kbit/s):23.7397
Avg AoI (ms):       936.805
Ctrl Overhead (%):  75.0145
Energy/bit (uJ):    348.772
BRR:                4900
Broadcasts:         4900
Suppressed:         332
Data receptions:    35294
Duplicate rx:       32844
Redundancy RR (%):  93.0583
Saved rebcast SP(%):0
Path length BL:     0.14898
Emergency fwd:      270
Emergency supp:     0
Emergency ENSR (%): 100
Byzantine drops:    0
Total energy (J):   248.393
Byz fraction:       0
======================================

