Waf: Entering directory `/home/runner/work/astro-fanet-artifact/astro-fanet-artifact/ns-allinone-3.29/ns-3.29/build'
Waf: Leaving directory `/home/runner/work/astro-fanet-artifact/astro-fanet-artifact/ns-allinone-3.29/ns-3.29/build'
Build commands will be stored in build/compile_commands.json
'build' finished successfully (2.022s)

======================================
ASTRO-FANET Simulation Results
======================================
Protocol:           pr
UAVs:               20
Mobility:           rpgm
Seed:               3004
Duration:           30 s
--------------------------------------
PDR (%):            95.5707
PDR source:         app
Generated (app):    587
Delivered (app):    561
Delivered (FM):     0
Lost (FM):          0
Avg Delay (ms):     0.561497
Throughput (kbit/s):49.5787
Avg AoI (ms):       930.009
Ctrl Overhead (%):  74.0839
Energy/bit (uJ):    336.407
BRR:                12012
Broadcasts:         12012
Suppressed:         4673
Data receptions:    133261
Duplicate rx:       122696
Redundancy RR (%):  92.0719
Saved rebcast SP(%):40.2031
Path length BL:     0.118382
Emergency fwd:      516
Emergency supp:     302
Emergency ENSR (%): 63.0807
Byzantine drops:    521
Total energy (J):   500.358
Byz fraction:       0.1
======================================

