Waf: Entering directory `/home/runner/work/astro-fanet-artifact/astro-fanet-artifact/ns-allinone-3.29/ns-3.29/build'
Waf: Leaving directory `/home/runner/work/astro-fanet-artifact/astro-fanet-artifact/ns-allinone-3.29/ns-3.29/build'
Build commands will be stored in build/compile_commands.json
'build' finished successfully (1.975s)

======================================
ASTRO-FANET Simulation Results
======================================
Protocol:           pr
UAVs:               10
Mobility:           rpgm
Seed:               3002
Duration:           30 s
--------------------------------------
PDR (%):            21.0356
PDR source:         app
Generated (app):    309
Delivered (app):    65
Delivered (FM):     25
Lost (FM):          164
Avg Delay (ms):     0.0615385
Throughput (kbit/s):4.1472
Avg AoI (ms):       2606.53
Ctrl Overhead (%):  74.4763
Energy/bit (uJ):    1981.97
BRR:                450
Broadcasts:         450
Suppressed:         511
Data receptions:    17185
Duplicate rx:       16785
Redundancy RR (%):  97.6724
Saved rebcast SP(%):43.75
Path length BL:     0.266667
Emergency fwd:      225
Emergency supp:     175
Emergency ENSR (%): 56.25
Total energy (J):   246.589
Byz fraction:       0
======================================

