Waf: Entering directory `/home/runner/work/astro-fanet-artifact/astro-fanet-artifact/ns-allinone-3.29/ns-3.29/build'
Waf: Leaving directory `/home/runner/work/astro-fanet-artifact/astro-fanet-artifact/ns-allinone-3.29/ns-3.29/build'
Build commands will be stored in build/compile_commands.json
'build' finished successfully (1.992s)

======================================
ASTRO-FANET Simulation Results
======================================
Protocol:           sf
UAVs:               20
Mobility:           gm3d
Seed:               3002
Duration:           30 s
--------------------------------------
PDR (%):            94.4938
PDR source:         app
Generated (app):    563
Delivered (app):    532
Delivered (FM):     0
Lost (FM):          0
Avg Delay (ms):     0.798872
Throughput (kbit/s):46.7797
Avg AoI (ms):       970.143
Ctrl Overhead (%):  75.105
Energy/bit (uJ):    357.32
BRR:                18452
Broadcasts:         18452
Suppressed:         638
Data receptions:    155946
Duplicate rx:       145682
Redundancy RR (%):  93.4182
Saved rebcast SP(%):0
Path length BL:     0.169846
Emergency fwd:      1067
Emergency supp:     0
Emergency ENSR (%): 100
Byzantine drops:    1038
Total energy (J):   501.459
Byz fraction:       0.2
======================================

