Waf: Entering directory `/home/runner/work/astro-fanet-artifact/astro-fanet-artifact/ns-allinone-3.29/ns-3.29/build'
Waf: Leaving directory `/home/runner/work/astro-fanet-artifact/astro-fanet-artifact/ns-allinone-3.29/ns-3.29/build'
Build commands will be stored in build/compile_commands.json
'build' finished successfully (1.997s)

======================================
ASTRO-FANET Simulation Results
======================================
Protocol:           pr
UAVs:               20
Mobility:           rpgm
Seed:               3004
Duration:           30 s
--------------------------------------
PDR (%):            94.9911
PDR source:         app
Generated (app):    559
Delivered (app):    531
Delivered (FM):     0
Lost (FM):          0
Avg Delay (ms):     0.425612
Throughput (kbit/s):47.0357
Avg AoI (ms):       990.8
Ctrl Overhead (%):  74.9243
Energy/bit (uJ):    354.371
BRR:                10918
Broadcasts:         10918
Suppressed:         4286
Data receptions:    129566
Duplicate rx:       119481
Redundancy RR (%):  92.2163
Saved rebcast SP(%):40.0768
Path length BL:     0.113757
Emergency fwd:      630
Emergency supp:     406
Emergency ENSR (%): 60.8108
Byzantine drops:    975
Total energy (J):   500.043
Byz fraction:       0.2
======================================

