Waf: Entering directory `/home/runner/work/astro-fanet-artifact/astro-fanet-artifact/ns-allinone-3.29/ns-3.29/build'
Waf: Leaving directory `/home/runner/work/astro-fanet-artifact/astro-fanet-artifact/ns-allinone-3.29/ns-3.29/build'
Build commands will be stored in build/compile_commands.json
'build' finished successfully (1.994s)

======================================
ASTRO-FANET Simulation Results
======================================
Protocol:           cb
UAVs:               20
Mobility:           rpgm
Seed:               3003
Duration:           30 s
--------------------------------------
PDR (%):            95.9002
PDR source:         app
Generated (app):    561
Delivered (app):    538
Delivered (FM):     0
Lost (FM):          0
Avg Delay (ms):     0.165428
Throughput (kbit/s):44.9877
Avg AoI (ms):       954.311
Ctrl Overhead (%):  76.2478
Energy/bit (uJ):    369.06
BRR:                4172
Broadcasts:         4172
Suppressed:         8309
Data receptions:    102290
Duplicate rx:       92009
Redundancy RR (%):  89.9492
Saved rebcast SP(%):78.6424
Path length BL:     0.106903
Emergency fwd:      176
Emergency supp:     836
Emergency ENSR (%): 17.3913
Byzantine drops:    514
Total energy (J):   498.096
Byz fraction:       0.1
======================================

