Waf: Entering directory `/home/runner/work/astro-fanet-artifact/astro-fanet-artifact/ns-allinone-3.29/ns-3.29/build'
Waf: Leaving directory `/home/runner/work/astro-fanet-artifact/astro-fanet-artifact/ns-allinone-3.29/ns-3.29/build'
Build commands will be stored in build/compile_commands.json
'build' finished successfully (2.522s)

======================================
ASTRO-FANET Simulation Results
======================================
Protocol:           sba
UAVs:               10
Mobility:           rpgm
Seed:               3004
Duration:           30 s
--------------------------------------
PDR (%):            96.3333
PDR source:         app
Generated (app):    300
Delivered (app):    289
Delivered (FM):     0
Lost (FM):          0
Avg Delay (ms):     0.103806
Throughput (kbit/s):25.6853
Avg AoI (ms):       869.419
Ctrl Overhead (%):  73.5961
Energy/bit (uJ):    322.58
BRR:                5238
Broadcasts:         5238
Suppressed:         335
Data receptions:    36982
Duplicate rx:       34362
Redundancy RR (%):  92.9155
Saved rebcast SP(%):0.0381679
Path length BL:     0.143948
Emergency fwd:      279
Emergency supp:     1
Emergency ENSR (%): 99.6429
Byzantine drops:    0
Total energy (J):   248.567
Byz fraction:       0
======================================

