Waf: Entering directory `/home/runner/work/astro-fanet-artifact/astro-fanet-artifact/ns-allinone-3.29/ns-3.29/build'
Waf: Leaving directory `/home/runner/work/astro-fanet-artifact/astro-fanet-artifact/ns-allinone-3.29/ns-3.29/build'
Build commands will be stored in build/compile_commands.json
'build' finished successfully (1.955s)

======================================
ASTRO-FANET Simulation Results
======================================
Protocol:           pr
UAVs:               10
Mobility:           gm3d
Seed:               3003
Duration:           30 s
--------------------------------------
PDR (%):            74.3151
PDR source:         app
Generated (app):    292
Delivered (app):    217
Delivered (FM):     191
Lost (FM):          51
Avg Delay (ms):     33.3779
Throughput (kbit/s):18.7733
Avg AoI (ms):       904.822
Ctrl Overhead (%):  74.3746
Energy/bit (uJ):    438.128
BRR:                318
Broadcasts:         318
Suppressed:         434
Data receptions:    16498
Duplicate rx:       16238
Redundancy RR (%):  98.4241
Saved rebcast SP(%):38.8462
Path length BL:     0.584906
Emergency fwd:      159
Emergency supp:     101
Emergency ENSR (%): 61.1538
Total energy (J):   246.754
Byz fraction:       0
======================================

