Waf: Entering directory `/home/runner/work/astro-fanet-artifact/astro-fanet-artifact/ns-allinone-3.29/ns-3.29/build'
Waf: Leaving directory `/home/runner/work/astro-fanet-artifact/astro-fanet-artifact/ns-allinone-3.29/ns-3.29/build'
Build commands will be stored in build/compile_commands.json
'build' finished successfully (1.934s)

======================================
ASTRO-FANET Simulation Results
======================================
Protocol:           sba
UAVs:               20
Mobility:           gm3d
Seed:               3004
Duration:           30 s
--------------------------------------
PDR (%):            95.9528
PDR source:         app
Generated (app):    593
Delivered (app):    569
Delivered (FM):     0
Lost (FM):          0
Avg Delay (ms):     0.852373
Throughput (kbit/s):47.9403
Avg AoI (ms):       917.809
Ctrl Overhead (%):  74.9307
Energy/bit (uJ):    350.606
BRR:                19556
Broadcasts:         19556
Suppressed:         639
Data receptions:    181262
Duplicate rx:       170421
Redundancy RR (%):  94.0192
Saved rebcast SP(%):0
Path length BL:     0.149417
Emergency fwd:      911
Emergency supp:     0
Emergency ENSR (%): 100
Byzantine drops:    1063
Total energy (J):   504.244
Byz fraction:       0.2
======================================

