Waf: Entering directory `/home/runner/work/astro-fanet-artifact/astro-fanet-artifact/ns-allinone-3.29/ns-3.29/build'
Waf: Leaving directory `/home/runner/work/astro-fanet-artifact/astro-fanet-artifact/ns-allinone-3.29/ns-3.29/build'
Build commands will be stored in build/compile_commands.json
'build' finished successfully (2.517s)

======================================
ASTRO-FANET Simulation Results
======================================
Protocol:           cb
UAVs:               10
Mobility:           rpgm
Seed:               3001
Duration:           30 s
--------------------------------------
PDR (%):            96.4286
PDR source:         app
Generated (app):    280
Delivered (app):    270
Delivered (FM):     0
Lost (FM):          0
Avg Delay (ms):     0.0592593
Throughput (kbit/s):22.2891
Avg AoI (ms):       983.688
Ctrl Overhead (%):  76.2345
Energy/bit (uJ):    369.961
BRR:                1348
Broadcasts:         1348
Suppressed:         2089
Data receptions:    24376
Duplicate rx:       21946
Redundancy RR (%):  90.0312
Saved rebcast SP(%):72.2634
Path length BL:     0.231454
Emergency fwd:      84
Emergency supp:     266
Emergency ENSR (%): 24
Byzantine drops:    0
Total energy (J):   247.382
Byz fraction:       0
======================================

