Waf: Entering directory `/home/runner/work/astro-fanet-artifact/astro-fanet-artifact/ns-allinone-3.29/ns-3.29/build'
Waf: Leaving directory `/home/runner/work/astro-fanet-artifact/astro-fanet-artifact/ns-allinone-3.29/ns-3.29/build'
Build commands will be stored in build/compile_commands.json
'build' finished successfully (1.969s)

======================================
ASTRO-FANET Simulation Results
======================================
Protocol:           sba
UAVs:               20
Mobility:           gm3d
Seed:               3002
Duration:           30 s
--------------------------------------
PDR (%):            49.7186
PDR source:         app
Generated (app):    533
Delivered (app):    265
Delivered (FM):     0
Lost (FM):          0
Avg Delay (ms):     0.449057
Throughput (kbit/s):20.6165
Avg AoI (ms):       1352.87
Ctrl Overhead (%):  76.8324
Energy/bit (uJ):    800.595
BRR:                2040
Broadcasts:         2040
Suppressed:         638
Data receptions:    70314
Duplicate rx:       69294
Redundancy RR (%):  98.5494
Saved rebcast SP(%):0
Path length BL:     0.807843
Emergency fwd:      1020
Emergency supp:     0
Emergency ENSR (%): 100
Total energy (J):   495.165
Byz fraction:       0
======================================

