Waf: Entering directory `/home/runner/work/astro-fanet-artifact/astro-fanet-artifact/ns-allinone-3.29/ns-3.29/build'
Waf: Leaving directory `/home/runner/work/astro-fanet-artifact/astro-fanet-artifact/ns-allinone-3.29/ns-3.29/build'
Build commands will be stored in build/compile_commands.json
'build' finished successfully (2.540s)

======================================
ASTRO-FANET Simulation Results
======================================
Protocol:           pr
UAVs:               10
Mobility:           rpgm
Seed:               3004
Duration:           30 s
--------------------------------------
PDR (%):            96.3333
PDR source:         app
Generated (app):    300
Delivered (app):    289
Delivered (FM):     0
Lost (FM):          0
Avg Delay (ms):     0.114187
Throughput (kbit/s):25.6853
Avg AoI (ms):       869.427
Ctrl Overhead (%):  73.5961
Energy/bit (uJ):    321.726
BRR:                3176
Broadcasts:         3176
Suppressed:         1376
Data receptions:    29892
Duplicate rx:       27262
Redundancy RR (%):  91.2017
Saved rebcast SP(%):39.6198
Path length BL:     0.141058
Emergency fwd:      170
Emergency supp:     110
Emergency ENSR (%): 60.7143
Byzantine drops:    0
Total energy (J):   247.909
Byz fraction:       0
======================================

