Waf: Entering directory `/home/runner/work/astro-fanet-artifact/astro-fanet-artifact/ns-allinone-3.29/ns-3.29/build'
Waf: Leaving directory `/home/runner/work/astro-fanet-artifact/astro-fanet-artifact/ns-allinone-3.29/ns-3.29/build'
Build commands will be stored in build/compile_commands.json
'build' finished successfully (2.019s)

======================================
ASTRO-FANET Simulation Results
======================================
Protocol:           sf
UAVs:               20
Mobility:           gm3d
Seed:               3002
Duration:           30 s
--------------------------------------
PDR (%):            94.5896
PDR source:         app
Generated (app):    536
Delivered (app):    507
Delivered (FM):     0
Lost (FM):          0
Avg Delay (ms):     0.771203
Throughput (kbit/s):43.9125
Avg AoI (ms):       1037.21
Ctrl Overhead (%):  76.2278
Energy/bit (uJ):    380.431
BRR:                18272
Broadcasts:         18272
Suppressed:         638
Data receptions:    152692
Duplicate rx:       143070
Redundancy RR (%):  93.6984
Saved rebcast SP(%):0
Path length BL:     0.166594
Emergency fwd:      840
Emergency supp:     0
Emergency ENSR (%): 100
Byzantine drops:    486
Total energy (J):   501.17
Byz fraction:       0.1
======================================

