Waf: Entering directory `/home/runner/work/astro-fanet-artifact/astro-fanet-artifact/ns-allinone-3.29/ns-3.29/build'
Waf: Leaving directory `/home/runner/work/astro-fanet-artifact/astro-fanet-artifact/ns-allinone-3.29/ns-3.29/build'
Build commands will be stored in build/compile_commands.json
'build' finished successfully (2.576s)

======================================
ASTRO-FANET Simulation Results
======================================
Protocol:           astro
UAVs:               10
Mobility:           gm3d
Seed:               3005
Duration:           30 s
--------------------------------------
PDR (%):            95.5224
PDR source:         app
Generated (app):    268
Delivered (app):    256
Delivered (FM):     0
Lost (FM):          0
Avg Delay (ms):     0.160156
Throughput (kbit/s):22.5621
Avg AoI (ms):       1008.21
Ctrl Overhead (%):  75.863
Energy/bit (uJ):    366.407
BRR:                4626
Broadcasts:         4626
Suppressed:         342
Data receptions:    31620
Duplicate rx:       29299
Redundancy RR (%):  92.6597
Saved rebcast SP(%):0.344679
Path length BL:     0.188067
Emergency fwd:      260
Emergency supp:     0
Emergency ENSR (%): 100
Byzantine drops:    0
Total energy (J):   248.008
Byz fraction:       0
======================================

